Apr 29 00:00:17 asifmt systemd[1]: logrotate.service: Succeeded.
Apr 29 00:00:17 asifmt systemd[1]: Finished Rotate log files.
Apr 29 00:00:18 asifmt systemd[1]: man-db.service: Succeeded.
Apr 29 00:00:18 asifmt systemd[1]: Finished Daily man-db regeneration.
Apr 29 00:00:33 asifmt slack.desktop[7062]: [04/29/21, 00:00:33:573] info: [COUNTS] (T0YAF4NMQ) Updated unread_cnt for G78U3ST6Y: 1
Apr 29 00:00:33 asifmt slack.desktop[7062]: [04/29/21, 00:00:33:648] info: [DESKTOP-MIDDLEWARE] (T0YAF4NMQ) Forwarding redux payload to desktop ["unreads"]
Apr 29 00:00:33 asifmt slack.desktop[7062]: [04/29/21, 00:00:33:674] info: Store: REDUX_UPDATE_FROM_WEBAPP (T0YAF4NMQ) Changed keys [unreads]
Apr 29 00:05:00 asifmt slack.desktop[7062]: [04/29/21, 00:05:00:161] info: [DND] (T0YAF4NMQ) Checking for changes in DND status for the following members: U141P4LMR,UTFBWPF1N,UUSJJ11L0,U01AY3DBPL5,U3986CDRQ,U01GXCRAWNP,U0YAEFJJC,U0YAH5AVD,UPUFKH14J,UV4G2A9PD,U0YBWRJNS,UKL1BT99A,U0YAJ46KF,U50F6ALVD
Apr 29 00:05:00 asifmt slack.desktop[7062]: [04/29/21, 00:05:00:162] info: [DND] (T0YAF4NMQ) Will check for changes in DND status again in 5 minutes
Apr 29 00:05:01 asifmt CRON[167696]: (root) CMD (command -v debian-sa1 > /dev/null && debian-sa1 1 1)
Apr 29 00:06:37 asifmt slack.desktop[7062]: [04/29/21, 00:06:37:209] info: Store: SET_SYSTEM_IDLE active
Apr 29 00:06:37 asifmt slack.desktop[7062]: [04/29/21, 00:06:37:237] info: [DESKTOP-SIDE-EFFECT] Update from desktop for keys  ["app"]
Apr 29 00:06:37 asifmt slack.desktop[7062]: [04/29/21, 00:06:37:263] info: [API-Q] (T0YAF4NMQ) noversion-1619633197.262 Flannel users/info called with reason: flannel-call:users/info
Apr 29 00:06:37 asifmt slack.desktop[7062]: [04/29/21, 00:06:37:263] info: [API-Q] (T0YAF4NMQ) noversion-1619633197.262 Flannel users/info is ENQUEUED
Apr 29 00:06:37 asifmt slack.desktop[7062]: [04/29/21, 00:06:37:264] info: [API-Q] (T0YAF4NMQ) noversion-1619633197.262 Flannel users/info is ACTIVE
Apr 29 00:06:38 asifmt slack.desktop[7062]: [04/29/21, 00:06:37:999] info: [API-Q] (T0YAF4NMQ) noversion-1619633197.262 Flannel users/info is RESOLVED
Apr 29 00:06:57 asifmt slack.desktop[7062]: [04/29/21, 00:06:57:224] info: Store: SET_SYSTEM_IDLE idle_taskbar
Apr 29 00:06:57 asifmt slack.desktop[7062]: [04/29/21, 00:06:57:228] info: [DESKTOP-SIDE-EFFECT] Update from desktop for keys  ["app"]
Apr 29 00:10:00 asifmt slack.desktop[7062]: [04/29/21, 00:10:00:168] info: [DND] (T0YAF4NMQ) Checking for changes in DND status for the following members: U141P4LMR,UTFBWPF1N,UUSJJ11L0,U01AY3DBPL5,U3986CDRQ,U01GXCRAWNP,U0YAEFJJC,U0YAH5AVD,UPUFKH14J,UV4G2A9PD,U0YBWRJNS,UKL1BT99A,U0YAJ46KF,U50F6ALVD
Apr 29 00:10:00 asifmt slack.desktop[7062]: [04/29/21, 00:10:00:168] info: [DND] (T0YAF4NMQ) Will check for changes in DND status again in 5 minutes
Apr 29 00:10:16 asifmt slack.desktop[7062]: [04/29/21, 00:10:16:773] info: [CHECK-FOR-OLD-IMS] (T0YAF4NMQ) Over by 4
Apr 29 00:10:57 asifmt slack.desktop[7062]: [04/29/21, 00:10:57:409] info: [API-Q] (T0YAF4NMQ) noversion-1619633457.408 Flannel users/info called with reason: flannel-call:users/info
Apr 29 00:10:57 asifmt slack.desktop[7062]: [04/29/21, 00:10:57:409] info: [API-Q] (T0YAF4NMQ) noversion-1619633457.408 Flannel users/info is ENQUEUED
Apr 29 00:10:57 asifmt slack.desktop[7062]: [04/29/21, 00:10:57:410] info: [API-Q] (T0YAF4NMQ) noversion-1619633457.408 Flannel users/info is ACTIVE
Apr 29 00:10:57 asifmt slack.desktop[7062]: [04/29/21, 00:10:57:782] info: [API-Q] (T0YAF4NMQ) noversion-1619633457.408 Flannel users/info is RESOLVED
Apr 29 00:15:00 asifmt slack.desktop[7062]: [04/29/21, 00:15:00:174] info: [DND] (T0YAF4NMQ) Checking for changes in DND status for the following members: U141P4LMR,UTFBWPF1N,UUSJJ11L0,U01AY3DBPL5,U3986CDRQ,U01GXCRAWNP,U0YAEFJJC,U0YAH5AVD,UPUFKH14J,UV4G2A9PD,U0YBWRJNS,UKL1BT99A,U0YAJ46KF,U50F6ALVD
Apr 29 00:15:00 asifmt slack.desktop[7062]: [04/29/21, 00:15:00:174] info: [DND] (T0YAF4NMQ) Will check for changes in DND status again in 5 minutes
Apr 29 00:15:01 asifmt CRON[167934]: (root) CMD (command -v debian-sa1 > /dev/null && debian-sa1 1 1)
Apr 29 00:15:35 asifmt code.desktop[15475]: #033[90m[main 2021-04-28T18:15:35.377Z]#033[0m update#setState checking for updates
Apr 29 00:15:35 asifmt code.desktop[15475]: #033[90m[main 2021-04-28T18:15:35.876Z]#033[0m update#setState idle
Apr 29 00:16:37 asifmt slack.desktop[7062]: [04/29/21, 00:16:37:636] info: Store: SET_SYSTEM_IDLE idle_presence
Apr 29 00:16:37 asifmt slack.desktop[7062]: [04/29/21, 00:16:37:643] info: [DESKTOP-SIDE-EFFECT] Update from desktop for keys  ["app"]
Apr 29 00:16:37 asifmt slack.desktop[7062]: [04/29/21, 00:16:37:668] info: [API-Q] (T0YAF4NMQ) noversion-1619633797.668 Flannel users/info called with reason: flannel-call:users/info
Apr 29 00:16:37 asifmt slack.desktop[7062]: [04/29/21, 00:16:37:668] info: [API-Q] (T0YAF4NMQ) noversion-1619633797.668 Flannel users/info is ENQUEUED
Apr 29 00:16:37 asifmt slack.desktop[7062]: [04/29/21, 00:16:37:669] info: [API-Q] (T0YAF4NMQ) noversion-1619633797.668 Flannel users/info is ACTIVE
Apr 29 00:16:38 asifmt slack.desktop[7062]: [04/29/21, 00:16:38:527] info: [API-Q] (T0YAF4NMQ) noversion-1619633797.668 Flannel users/info is RESOLVED
Apr 29 00:17:01 asifmt CRON[167983]: (root) CMD (   cd / && run-parts --report /etc/cron.hourly)
Apr 29 00:20:00 asifmt slack.desktop[7062]: [04/29/21, 00:20:00:180] info: [DND] (T0YAF4NMQ) Checking for changes in DND status for the following members: U141P4LMR,UTFBWPF1N,UUSJJ11L0,U01AY3DBPL5,U3986CDRQ,U01GXCRAWNP,U0YAEFJJC,U0YAH5AVD,UPUFKH14J,UV4G2A9PD,U0YBWRJNS,UKL1BT99A,U0YAJ46KF,U50F6ALVD
Apr 29 00:20:00 asifmt slack.desktop[7062]: [04/29/21, 00:20:00:180] info: [DND] (T0YAF4NMQ) Will check for changes in DND status again in 5 minutes
Apr 29 00:20:03 asifmt NetworkManager[814]: <info>  [1619634003.6096] dhcp4 (eno1): option dhcp_lease_time      => '7200'
Apr 29 00:20:03 asifmt NetworkManager[814]: <info>  [1619634003.6097] dhcp4 (eno1): option domain_name_servers  => '103.41.213.2 8.8.8.8 192.168.68.1'
Apr 29 00:20:03 asifmt NetworkManager[814]: <info>  [1619634003.6097] dhcp4 (eno1): option expiry               => '1619641203'
Apr 29 00:20:03 asifmt NetworkManager[814]: <info>  [1619634003.6097] dhcp4 (eno1): option ip_address           => '192.168.68.107'
Apr 29 00:20:03 asifmt NetworkManager[814]: <info>  [1619634003.6097] dhcp4 (eno1): option requested_broadcast_address => '1'
Apr 29 00:20:03 asifmt NetworkManager[814]: <info>  [1619634003.6098] dhcp4 (eno1): option requested_domain_name => '1'
Apr 29 00:20:03 asifmt NetworkManager[814]: <info>  [1619634003.6098] dhcp4 (eno1): option requested_domain_name_servers => '1'
Apr 29 00:20:03 asifmt NetworkManager[814]: <info>  [1619634003.6098] dhcp4 (eno1): option requested_domain_search => '1'
Apr 29 00:20:03 asifmt NetworkManager[814]: <info>  [1619634003.6098] dhcp4 (eno1): option requested_host_name  => '1'
Apr 29 00:20:03 asifmt NetworkManager[814]: <info>  [1619634003.6098] dhcp4 (eno1): option requested_interface_mtu => '1'
Apr 29 00:20:03 asifmt NetworkManager[814]: <info>  [1619634003.6099] dhcp4 (eno1): option requested_ms_classless_static_routes => '1'
Apr 29 00:20:03 asifmt NetworkManager[814]: <info>  [1619634003.6099] dhcp4 (eno1): option requested_nis_domain => '1'
Apr 29 00:20:03 asifmt dbus-daemon[812]: [system] Activating via systemd: service name='org.freedesktop.nm_dispatcher' unit='dbus-org.freedesktop.nm-dispatcher.service' requested by ':1.12' (uid=0 pid=814 comm="/usr/sbin/NetworkManager --no-daemon " label="unconfined")
Apr 29 00:20:03 asifmt NetworkManager[814]: <info>  [1619634003.6099] dhcp4 (eno1): option requested_nis_servers => '1'
Apr 29 00:20:03 asifmt NetworkManager[814]: <info>  [1619634003.6099] dhcp4 (eno1): option requested_ntp_servers => '1'
Apr 29 00:20:03 asifmt NetworkManager[814]: <info>  [1619634003.6099] dhcp4 (eno1): option requested_rfc3442_classless_static_routes => '1'
Apr 29 00:20:03 asifmt NetworkManager[814]: <info>  [1619634003.6100] dhcp4 (eno1): option requested_root_path  => '1'
Apr 29 00:20:03 asifmt NetworkManager[814]: <info>  [1619634003.6100] dhcp4 (eno1): option requested_routers    => '1'
Apr 29 00:20:03 asifmt NetworkManager[814]: <info>  [1619634003.6100] dhcp4 (eno1): option requested_static_routes => '1'
Apr 29 00:20:03 asifmt NetworkManager[814]: <info>  [1619634003.6100] dhcp4 (eno1): option requested_subnet_mask => '1'
Apr 29 00:20:03 asifmt NetworkManager[814]: <info>  [1619634003.6100] dhcp4 (eno1): option requested_time_offset => '1'
Apr 29 00:20:03 asifmt NetworkManager[814]: <info>  [1619634003.6101] dhcp4 (eno1): option requested_wpad       => '1'
Apr 29 00:20:03 asifmt NetworkManager[814]: <info>  [1619634003.6101] dhcp4 (eno1): option routers              => '192.168.68.1'
Apr 29 00:20:03 asifmt NetworkManager[814]: <info>  [1619634003.6101] dhcp4 (eno1): option subnet_mask          => '255.255.255.0'
Apr 29 00:20:03 asifmt NetworkManager[814]: <info>  [1619634003.6101] dhcp4 (eno1): state changed extended -> extended
Apr 29 00:20:03 asifmt systemd[1]: Starting Network Manager Script Dispatcher Service...
Apr 29 00:20:03 asifmt dbus-daemon[812]: [system] Successfully activated service 'org.freedesktop.nm_dispatcher'
Apr 29 00:20:03 asifmt systemd[1]: Started Network Manager Script Dispatcher Service.
Apr 29 00:20:13 asifmt systemd[1]: NetworkManager-dispatcher.service: Succeeded.
Apr 29 00:21:20 asifmt slack.desktop[7062]: [04/29/21, 00:21:20:649] info: [API-Q] (T0YAF4NMQ) noversion-1619634080.647 Flannel users/info called with reason: flannel-call:users/info
Apr 29 00:21:20 asifmt slack.desktop[7062]: [04/29/21, 00:21:20:649] info: [API-Q] (T0YAF4NMQ) noversion-1619634080.647 Flannel users/info is ENQUEUED
Apr 29 00:21:20 asifmt slack.desktop[7062]: [04/29/21, 00:21:20:650] info: [API-Q] (T0YAF4NMQ) noversion-1619634080.647 Flannel users/info is ACTIVE
Apr 29 00:21:21 asifmt slack.desktop[7062]: [04/29/21, 00:21:21:063] info: [API-Q] (T0YAF4NMQ) noversion-1619634080.647 Flannel users/info is RESOLVED
Apr 29 00:23:54 asifmt slack.desktop[7062]: [04/29/21, 00:23:54:844] info: [RTM] (T0YAF4NMQ) Processed 1 reaction_removed event(s) over 21.94ms
Apr 29 00:25:00 asifmt slack.desktop[7062]: [04/29/21, 00:25:00:186] info: [DND] (T0YAF4NMQ) Checking for changes in DND status for the following members: U141P4LMR,UTFBWPF1N,UUSJJ11L0,U01AY3DBPL5,U3986CDRQ,U01GXCRAWNP,U0YAEFJJC,U0YAH5AVD,UPUFKH14J,UV4G2A9PD,U0YBWRJNS,UKL1BT99A,U0YAJ46KF,U50F6ALVD
Apr 29 00:25:00 asifmt slack.desktop[7062]: [04/29/21, 00:25:00:186] info: [DND] (T0YAF4NMQ) Will check for changes in DND status again in 5 minutes
Apr 29 00:25:01 asifmt CRON[168173]: (root) CMD (command -v debian-sa1 > /dev/null && debian-sa1 1 1)
Apr 29 00:25:16 asifmt slack.desktop[7062]: [04/29/21, 00:25:16:774] info: [CHECK-FOR-OLD-IMS] (T0YAF4NMQ) Over by 4
Apr 29 00:26:50 asifmt slack.desktop[7062]: [04/29/21, 00:26:50:025] info: [COUNTS] (T0YAF4NMQ) Updated unread_cnt for G01D9AFKVBQ: 1
Apr 29 00:26:50 asifmt slack.desktop[7062]: [04/29/21, 00:26:50:128] info: [API-Q] (T0YAF4NMQ) noversion-1619634410.128 Flannel users/info called with reason: flannel-call:users/info
Apr 29 00:26:50 asifmt slack.desktop[7062]: [04/29/21, 00:26:50:128] info: [API-Q] (T0YAF4NMQ) noversion-1619634410.128 Flannel users/info is ENQUEUED
Apr 29 00:26:50 asifmt slack.desktop[7062]: [04/29/21, 00:26:50:128] info: [API-Q] (T0YAF4NMQ) noversion-1619634410.128 Flannel users/info is ACTIVE
Apr 29 00:26:51 asifmt slack.desktop[7062]: [04/29/21, 00:26:51:146] info: [API-Q] (T0YAF4NMQ) noversion-1619634410.128 Flannel users/info is RESOLVED
Apr 29 00:28:03 asifmt slack.desktop[7062]: [04/29/21, 00:28:03:267] info: [COUNTS] (T0YAF4NMQ) Updated unread_cnt for G78U3ST6Y: 2
Apr 29 00:28:03 asifmt slack.desktop[7062]: [04/29/21, 00:28:03:295] info: [API-Q] (T0YAF4NMQ) noversion-1619634483.295 Flannel users/info called with reason: flannel-call:users/info
Apr 29 00:28:03 asifmt slack.desktop[7062]: [04/29/21, 00:28:03:295] info: [API-Q] (T0YAF4NMQ) noversion-1619634483.295 Flannel users/info is ENQUEUED
Apr 29 00:28:03 asifmt slack.desktop[7062]: [04/29/21, 00:28:03:296] info: [API-Q] (T0YAF4NMQ) noversion-1619634483.295 Flannel users/info is ACTIVE
Apr 29 00:28:03 asifmt slack.desktop[7062]: [04/29/21, 00:28:03:678] info: [API-Q] (T0YAF4NMQ) noversion-1619634483.295 Flannel users/info is RESOLVED
Apr 29 00:30:00 asifmt slack.desktop[7062]: [04/29/21, 00:30:00:192] info: [DND] (T0YAF4NMQ) Checking for changes in DND status for the following members: U141P4LMR,UTFBWPF1N,UUSJJ11L0,U01AY3DBPL5,U3986CDRQ,U01GXCRAWNP,U0YAEFJJC,U0YAH5AVD,UPUFKH14J,UV4G2A9PD,U0YBWRJNS,UKL1BT99A,U0YAJ46KF,U50F6ALVD
Apr 29 00:30:00 asifmt slack.desktop[7062]: [04/29/21, 00:30:00:192] info: [DND] (T0YAF4NMQ) Will check for changes in DND status again in 5 minutes
Apr 29 00:31:48 asifmt slack.desktop[7062]: [04/29/21, 00:31:48:665] info: [API-Q] (T0YAF4NMQ) noversion-1619634708.663 Flannel users/info called with reason: flannel-call:users/info
Apr 29 00:31:48 asifmt slack.desktop[7062]: [04/29/21, 00:31:48:665] info: [API-Q] (T0YAF4NMQ) noversion-1619634708.663 Flannel users/info is ENQUEUED
Apr 29 00:31:48 asifmt slack.desktop[7062]: [04/29/21, 00:31:48:665] info: [API-Q] (T0YAF4NMQ) noversion-1619634708.663 Flannel users/info is ACTIVE
Apr 29 00:31:49 asifmt slack.desktop[7062]: [04/29/21, 00:31:49:084] info: [API-Q] (T0YAF4NMQ) noversion-1619634708.663 Flannel users/info is RESOLVED
Apr 29 00:34:50 asifmt slack.desktop[7062]: [04/29/21, 00:34:50:487] info: [COUNTS] (T0YAF4NMQ) Updated unread_cnt for GG4AEE5B8: 1
Apr 29 00:34:50 asifmt slack.desktop[7062]: [04/29/21, 00:34:50:557] info: [API-Q] (T0YAF4NMQ) noversion-1619634890.557 Flannel users/info called with reason: flannel-call:users/info
Apr 29 00:34:50 asifmt slack.desktop[7062]: [04/29/21, 00:34:50:557] info: [API-Q] (T0YAF4NMQ) noversion-1619634890.557 Flannel users/info is ENQUEUED
Apr 29 00:34:50 asifmt slack.desktop[7062]: [04/29/21, 00:34:50:557] info: [API-Q] (T0YAF4NMQ) noversion-1619634890.557 Flannel users/info is ACTIVE
Apr 29 00:34:50 asifmt slack.desktop[7062]: [04/29/21, 00:34:50:617] info: [PERSIST] (T0YAF4NMQ) Successfully persisted state
Apr 29 00:34:50 asifmt slack.desktop[7062]: [04/29/21, 00:34:50:950] info: [API-Q] (T0YAF4NMQ) noversion-1619634890.557 Flannel users/info is RESOLVED
Apr 29 00:35:00 asifmt slack.desktop[7062]: [04/29/21, 00:35:00:198] info: [DND] (T0YAF4NMQ) Checking for changes in DND status for the following members: U141P4LMR,UTFBWPF1N,UUSJJ11L0,U01AY3DBPL5,U3986CDRQ,U01GXCRAWNP,U0YAEFJJC,U0YAH5AVD,UPUFKH14J,UV4G2A9PD,U0YBWRJNS,UKL1BT99A,U0YAJ46KF,U50F6ALVD
Apr 29 00:35:00 asifmt slack.desktop[7062]: [04/29/21, 00:35:00:198] info: [DND] (T0YAF4NMQ) Will check for changes in DND status again in 5 minutes
Apr 29 00:35:01 asifmt CRON[168417]: (root) CMD (command -v debian-sa1 > /dev/null && debian-sa1 1 1)
Apr 29 00:39:29 asifmt slack.desktop[7062]: [04/29/21, 00:39:29:947] info: [API-Q] (T0YAF4NMQ) noversion-1619635169.945 Flannel users/info called with reason: flannel-call:users/info
Apr 29 00:39:29 asifmt slack.desktop[7062]: [04/29/21, 00:39:29:947] info: [API-Q] (T0YAF4NMQ) noversion-1619635169.945 Flannel users/info is ENQUEUED
Apr 29 00:39:29 asifmt slack.desktop[7062]: [04/29/21, 00:39:29:948] info: [API-Q] (T0YAF4NMQ) noversion-1619635169.945 Flannel users/info is ACTIVE
Apr 29 00:39:30 asifmt slack.desktop[7062]: [04/29/21, 00:39:30:702] info: [API-Q] (T0YAF4NMQ) noversion-1619635169.945 Flannel users/info is RESOLVED
Apr 29 00:40:00 asifmt slack.desktop[7062]: [04/29/21, 00:40:00:205] info: [DND] (T0YAF4NMQ) Checking for changes in DND status for the following members: U141P4LMR,UTFBWPF1N,UUSJJ11L0,U01AY3DBPL5,U3986CDRQ,U01GXCRAWNP,U0YAEFJJC,U0YAH5AVD,UPUFKH14J,UV4G2A9PD,U0YBWRJNS,UKL1BT99A,U0YAJ46KF,U50F6ALVD
Apr 29 00:40:00 asifmt slack.desktop[7062]: [04/29/21, 00:40:00:205] info: [DND] (T0YAF4NMQ) Will check for changes in DND status again in 5 minutes
Apr 29 00:40:16 asifmt slack.desktop[7062]: [04/29/21, 00:40:16:774] info: [CHECK-FOR-OLD-IMS] (T0YAF4NMQ) Over by 4
Apr 29 00:45:00 asifmt slack.desktop[7062]: [04/29/21, 00:45:00:210] info: [DND] (T0YAF4NMQ) Checking for changes in DND status for the following members: U141P4LMR,UTFBWPF1N,UUSJJ11L0,U01AY3DBPL5,U3986CDRQ,U01GXCRAWNP,U0YAEFJJC,U0YAH5AVD,UPUFKH14J,UV4G2A9PD,U0YBWRJNS,UKL1BT99A,U0YAJ46KF,U50F6ALVD
Apr 29 00:45:00 asifmt slack.desktop[7062]: [04/29/21, 00:45:00:211] info: [DND] (T0YAF4NMQ) Will check for changes in DND status again in 5 minutes
Apr 29 00:45:01 asifmt CRON[168633]: (root) CMD (command -v debian-sa1 > /dev/null && debian-sa1 1 1)
Apr 29 00:45:32 asifmt dbus-daemon[1514]: [session uid=125 pid=1514] Activating via systemd: service name='org.freedesktop.Tracker1' unit='tracker-store.service' requested by ':1.3' (uid=125 pid=1511 comm="/usr/libexec/tracker-miner-fs " label="unconfined")
Apr 29 00:45:32 asifmt systemd[1503]: Starting Tracker metadata database store and lookup manager...
Apr 29 00:45:32 asifmt dbus-daemon[1514]: [session uid=125 pid=1514] Successfully activated service 'org.freedesktop.Tracker1'
Apr 29 00:45:32 asifmt systemd[1503]: Started Tracker metadata database store and lookup manager.
Apr 29 00:46:02 asifmt tracker-store[168647]: OK
Apr 29 00:46:02 asifmt systemd[1503]: tracker-store.service: Succeeded.
Apr 29 00:48:05 asifmt slack.desktop[7062]: [04/29/21, 00:48:05:984] info: [API-Q] (T0YAF4NMQ) noversion-1619635685.982 Flannel users/info called with reason: flannel-call:users/info
Apr 29 00:48:05 asifmt slack.desktop[7062]: [04/29/21, 00:48:05:984] info: [API-Q] (T0YAF4NMQ) noversion-1619635685.982 Flannel users/info is ENQUEUED
Apr 29 00:48:05 asifmt slack.desktop[7062]: [04/29/21, 00:48:05:985] info: [API-Q] (T0YAF4NMQ) noversion-1619635685.982 Flannel users/info is ACTIVE
Apr 29 00:48:06 asifmt slack.desktop[7062]: [04/29/21, 00:48:06:341] info: [API-Q] (T0YAF4NMQ) noversion-1619635685.982 Flannel users/info is RESOLVED
Apr 29 00:49:48 asifmt slack.desktop[7062]: [04/29/21, 00:49:48:310] info: [API-Q] (T0YAF4NMQ) noversion-1619635788.308 Flannel users/info called with reason: flannel-call:users/info
Apr 29 00:49:48 asifmt slack.desktop[7062]: [04/29/21, 00:49:48:310] info: [API-Q] (T0YAF4NMQ) noversion-1619635788.308 Flannel users/info is ENQUEUED
Apr 29 00:49:48 asifmt slack.desktop[7062]: [04/29/21, 00:49:48:310] info: [API-Q] (T0YAF4NMQ) noversion-1619635788.308 Flannel users/info is ACTIVE
Apr 29 00:49:49 asifmt slack.desktop[7062]: [04/29/21, 00:49:49:017] info: [API-Q] (T0YAF4NMQ) noversion-1619635788.308 Flannel users/info is RESOLVED
Apr 29 00:50:00 asifmt slack.desktop[7062]: [04/29/21, 00:50:00:216] info: [DND] (T0YAF4NMQ) Checking for changes in DND status for the following members: U141P4LMR,UTFBWPF1N,UUSJJ11L0,U01AY3DBPL5,U3986CDRQ,U01GXCRAWNP,U0YAEFJJC,U0YAH5AVD,UPUFKH14J,UV4G2A9PD,U0YBWRJNS,UKL1BT99A,U0YAJ46KF,U50F6ALVD
Apr 29 00:50:00 asifmt slack.desktop[7062]: [04/29/21, 00:50:00:217] info: [DND] (T0YAF4NMQ) Will check for changes in DND status again in 5 minutes
Apr 29 00:52:37 asifmt systemd-modules-load[362]: Inserted module 'lp'
Apr 29 00:52:37 asifmt systemd-modules-load[362]: Inserted module 'ppdev'
Apr 29 00:52:37 asifmt systemd-modules-load[362]: Inserted module 'parport_pc'
Apr 29 00:52:37 asifmt systemd-sysctl[381]: Not setting net/ipv4/conf/all/promote_secondaries (explicit setting exists).
Apr 29 00:52:37 asifmt systemd-sysctl[381]: Not setting net/ipv4/conf/default/promote_secondaries (explicit setting exists).
Apr 29 00:52:37 asifmt systemd[1]: Finished udev Coldplug all Devices.
Apr 29 00:52:37 asifmt systemd[1]: Reached target Swap.
Apr 29 00:52:37 asifmt systemd[1]: Starting Flush Journal to Persistent Storage...
Apr 29 00:52:37 asifmt systemd[1]: Mounted Mount unit for core, revision 10908.
Apr 29 00:52:37 asifmt mtp-probe: checking bus 1, device 3: "/sys/devices/pci0000:00/0000:00:14.0/usb1/1-8"
Apr 29 00:52:37 asifmt systemd[1]: Mounted Mount unit for core, revision 10958.
Apr 29 00:52:37 asifmt mtp-probe: checking bus 1, device 4: "/sys/devices/pci0000:00/0000:00:14.0/usb1/1-12"
Apr 29 00:52:37 asifmt systemd[1]: Mounted Mount unit for barrier, revision 384.
Apr 29 00:52:37 asifmt mtp-probe: checking bus 1, device 2: "/sys/devices/pci0000:00/0000:00:14.0/usb1/1-1"
Apr 29 00:52:37 asifmt systemd[1]: Mounted Mount unit for gnome-3-28-1804, revision 128.
Apr 29 00:52:37 asifmt mtp-probe: bus: 1, device: 2 was not an MTP device
Apr 29 00:52:37 asifmt systemd[1]: Mounted Mount unit for core20, revision 975.
Apr 29 00:52:37 asifmt mtp-probe: bus: 1, device: 3 was not an MTP device
Apr 29 00:52:37 asifmt systemd[1]: Mounted Mount unit for communicator, revision x1.
Apr 29 00:52:37 asifmt mtp-probe: bus: 1, device: 4 was not an MTP device
Apr 29 00:52:37 asifmt kernel: [    0.000000] microcode: microcode updated early to revision 0xde, date = 2020-05-25
Apr 29 00:52:37 asifmt systemd[1]: Started udev Kernel Device Manager.
Apr 29 00:52:37 asifmt kernel: [    0.000000] Linux version 5.8.0-50-generic (buildd@lgw01-amd64-030) (gcc (Ubuntu 9.3.0-17ubuntu1~20.04) 9.3.0, GNU ld (GNU Binutils for Ubuntu) 2.34) #56~20.04.1-Ubuntu SMP Mon Apr 12 21:46:35 UTC 2021 (Ubuntu 5.8.0-50.56~20.04.1-generic 5.8.18)
Apr 29 00:52:37 asifmt kernel: [    0.000000] Command line: BOOT_IMAGE=/boot/vmlinuz-5.8.0-50-generic root=UUID=a1e53534-51f5-4a53-bd34-10e1bc71eea1 ro quiet splash nomodeset vt.handoff=7
Apr 29 00:52:37 asifmt systemd[1]: Starting Show Plymouth Boot Screen...
Apr 29 00:52:37 asifmt kernel: [    0.000000] KERNEL supported cpus:
Apr 29 00:52:37 asifmt kernel: [    0.000000]   Intel GenuineIntel
Apr 29 00:52:37 asifmt kernel: [    0.000000]   AMD AuthenticAMD
Apr 29 00:52:37 asifmt kernel: [    0.000000]   Hygon HygonGenuine
Apr 29 00:52:37 asifmt systemd[1]: Received SIGRTMIN+20 from PID 444 (plymouthd).
Apr 29 00:52:37 asifmt kernel: [    0.000000]   Centaur CentaurHauls
Apr 29 00:52:37 asifmt systemd[1]: Started Show Plymouth Boot Screen.
Apr 29 00:52:37 asifmt kernel: [    0.000000]   zhaoxin   Shanghai
Apr 29 00:52:37 asifmt kernel: [    0.000000] x86/fpu: Supporting XSAVE feature 0x001: 'x87 floating point registers'
Apr 29 00:52:37 asifmt kernel: [    0.000000] x86/fpu: Supporting XSAVE feature 0x002: 'SSE registers'
Apr 29 00:52:37 asifmt kernel: [    0.000000] x86/fpu: Supporting XSAVE feature 0x004: 'AVX registers'
Apr 29 00:52:37 asifmt systemd[1]: Condition check resulted in Dispatch Password Requests to Console Directory Watch being skipped.
Apr 29 00:52:37 asifmt kernel: [    0.000000] x86/fpu: Supporting XSAVE feature 0x008: 'MPX bounds registers'
Apr 29 00:52:37 asifmt kernel: [    0.000000] x86/fpu: Supporting XSAVE feature 0x010: 'MPX CSR'
Apr 29 00:52:37 asifmt kernel: [    0.000000] x86/fpu: xstate_offset[2]:  576, xstate_sizes[2]:  256
Apr 29 00:52:37 asifmt kernel: [    0.000000] x86/fpu: xstate_offset[3]:  832, xstate_sizes[3]:   64
Apr 29 00:52:37 asifmt systemd[1]: Started Forward Password Requests to Plymouth Directory Watch.
Apr 29 00:52:37 asifmt kernel: [    0.000000] x86/fpu: xstate_offset[4]:  896, xstate_sizes[4]:   64
Apr 29 00:52:37 asifmt kernel: [    0.000000] x86/fpu: Enabled xstate features 0x1f, context size is 960 bytes, using 'compacted' format.
Apr 29 00:52:37 asifmt kernel: [    0.000000] BIOS-provided physical RAM map:
Apr 29 00:52:37 asifmt systemd[1]: Reached target Local Encrypted Volumes.
Apr 29 00:52:37 asifmt kernel: [    0.000000] BIOS-e820: [mem 0x0000000000000000-0x000000000009efff] usable
Apr 29 00:52:37 asifmt systemd[1]: Mounted Mount unit for gtk-common-themes, revision 1515.
Apr 29 00:52:37 asifmt kernel: [    0.000000] BIOS-e820: [mem 0x000000000009f000-0x00000000000fffff] reserved
Apr 29 00:52:37 asifmt kernel: [    0.000000] BIOS-e820: [mem 0x0000000000100000-0x000000006307dfff] usable
Apr 29 00:52:37 asifmt kernel: [    0.000000] BIOS-e820: [mem 0x000000006307e000-0x000000006307efff] ACPI NVS
Apr 29 00:52:37 asifmt systemd-udevd[455]: Using default interface naming scheme 'v245'.
Apr 29 00:52:37 asifmt kernel: [    0.000000] BIOS-e820: [mem 0x000000006307f000-0x000000006307ffff] reserved
Apr 29 00:52:37 asifmt kernel: [    0.000000] BIOS-e820: [mem 0x0000000063080000-0x0000000076cadfff] usable
Apr 29 00:52:37 asifmt kernel: [    0.000000] BIOS-e820: [mem 0x0000000076cae000-0x0000000079ad7fff] reserved
Apr 29 00:52:37 asifmt systemd-udevd[455]: ethtool: autonegotiation is unset or enabled, the speed and duplex are not writable.
Apr 29 00:52:37 asifmt kernel: [    0.000000] BIOS-e820: [mem 0x0000000079ad8000-0x0000000079b54fff] ACPI data
Apr 29 00:52:37 asifmt kernel: [    0.000000] BIOS-e820: [mem 0x0000000079b55000-0x000000007a011fff] ACPI NVS
Apr 29 00:52:37 asifmt kernel: [    0.000000] BIOS-e820: [mem 0x000000007a012000-0x000000007acfefff] reserved
Apr 29 00:52:37 asifmt systemd-udevd[455]: Could not set AlternativeName= or apply AlternativeNamesPolicy= on eno1: File exists
Apr 29 00:52:37 asifmt kernel: [    0.000000] BIOS-e820: [mem 0x000000007acff000-0x000000007acfffff] usable
Apr 29 00:52:37 asifmt kernel: [    0.000000] BIOS-e820: [mem 0x000000007ad00000-0x000000007f7fffff] reserved
Apr 29 00:52:37 asifmt kernel: [    0.000000] BIOS-e820: [mem 0x00000000f0000000-0x00000000f7ffffff] reserved
Apr 29 00:52:37 asifmt kernel: [    0.000000] BIOS-e820: [mem 0x00000000fe000000-0x00000000fe010fff] reserved
Apr 29 00:52:37 asifmt systemd-udevd[455]: eno1: Could not apply link config, ignoring: File exists
Apr 29 00:52:37 asifmt kernel: [    0.000000] BIOS-e820: [mem 0x00000000fec00000-0x00000000fec00fff] reserved
Apr 29 00:52:37 asifmt kernel: [    0.000000] BIOS-e820: [mem 0x00000000fee00000-0x00000000fee00fff] reserved
Apr 29 00:52:37 asifmt kernel: [    0.000000] BIOS-e820: [mem 0x00000000ff000000-0x00000000ffffffff] reserved
Apr 29 00:52:37 asifmt systemd[1]: Mounted Mount unit for mqttx, revision 13.
Apr 29 00:52:37 asifmt kernel: [    0.000000] BIOS-e820: [mem 0x0000000100000000-0x000000087c7fffff] usable
Apr 29 00:52:37 asifmt kernel: [    0.000000] NX (Execute Disable) protection: active
Apr 29 00:52:37 asifmt kernel: [    0.000000] e820: update [mem 0x60b69018-0x60b86c57] usable ==> usable
Apr 29 00:52:37 asifmt systemd[1]: Mounted Mount unit for gnome-3-28-1804, revision 145.
Apr 29 00:52:37 asifmt systemd-udevd[449]: ethtool: autonegotiation is unset or enabled, the speed and duplex are not writable.
Apr 29 00:52:37 asifmt kernel: [    0.000000] e820: update [mem 0x60b69018-0x60b86c57] usable ==> usable
Apr 29 00:52:37 asifmt kernel: [    0.000000] e820: update [mem 0x60b5f018-0x60b68a57] usable ==> usable
Apr 29 00:52:37 asifmt kernel: [    0.000000] e820: update [mem 0x60b5f018-0x60b68a57] usable ==> usable
Apr 29 00:52:37 asifmt kernel: [    0.000000] extended physical RAM map:
Apr 29 00:52:37 asifmt kernel: [    0.000000] reserve setup_data: [mem 0x0000000000000000-0x000000000009efff] usable
Apr 29 00:52:37 asifmt systemd[1]: Listening on Load/Save RF Kill Switch Status /dev/rfkill Watch.
Apr 29 00:52:37 asifmt kernel: [    0.000000] reserve setup_data: [mem 0x000000000009f000-0x00000000000fffff] reserved
Apr 29 00:52:37 asifmt kernel: [    0.000000] reserve setup_data: [mem 0x0000000000100000-0x0000000060b5f017] usable
Apr 29 00:52:37 asifmt systemd[1]: Finished Flush Journal to Persistent Storage.
Apr 29 00:52:37 asifmt kernel: [    0.000000] reserve setup_data: [mem 0x0000000060b5f018-0x0000000060b68a57] usable
Apr 29 00:52:37 asifmt kernel: [    0.000000] reserve setup_data: [mem 0x0000000060b68a58-0x0000000060b69017] usable
Apr 29 00:52:37 asifmt kernel: [    0.000000] reserve setup_data: [mem 0x0000000060b69018-0x0000000060b86c57] usable
Apr 29 00:52:37 asifmt kernel: [    0.000000] reserve setup_data: [mem 0x0000000060b86c58-0x000000006307dfff] usable
Apr 29 00:52:37 asifmt kernel: [    0.000000] reserve setup_data: [mem 0x000000006307e000-0x000000006307efff] ACPI NVS
Apr 29 00:52:37 asifmt systemd[1]: Mounted Mount unit for core18, revision 1997.
Apr 29 00:52:37 asifmt kernel: [    0.000000] reserve setup_data: [mem 0x000000006307f000-0x000000006307ffff] reserved
Apr 29 00:52:37 asifmt kernel: [    0.000000] reserve setup_data: [mem 0x0000000063080000-0x0000000076cadfff] usable
Apr 29 00:52:37 asifmt kernel: [    0.000000] reserve setup_data: [mem 0x0000000076cae000-0x0000000079ad7fff] reserved
Apr 29 00:52:37 asifmt kernel: [    0.000000] reserve setup_data: [mem 0x0000000079ad8000-0x0000000079b54fff] ACPI data
Apr 29 00:52:37 asifmt kernel: [    0.000000] reserve setup_data: [mem 0x0000000079b55000-0x000000007a011fff] ACPI NVS
Apr 29 00:52:37 asifmt systemd[1]: Mounted Mount unit for ngrok, revision 32.
Apr 29 00:52:37 asifmt kernel: [    0.000000] reserve setup_data: [mem 0x000000007a012000-0x000000007acfefff] reserved
Apr 29 00:52:37 asifmt kernel: [    0.000000] reserve setup_data: [mem 0x000000007acff000-0x000000007acfffff] usable
Apr 29 00:52:37 asifmt kernel: [    0.000000] reserve setup_data: [mem 0x000000007ad00000-0x000000007f7fffff] reserved
Apr 29 00:52:37 asifmt systemd[1]: Mounted Mount unit for slack, revision 38.
Apr 29 00:52:37 asifmt kernel: [    0.000000] reserve setup_data: [mem 0x00000000f0000000-0x00000000f7ffffff] reserved
Apr 29 00:52:37 asifmt kernel: [    0.000000] reserve setup_data: [mem 0x00000000fe000000-0x00000000fe010fff] reserved
Apr 29 00:52:37 asifmt kernel: [    0.000000] reserve setup_data: [mem 0x00000000fec00000-0x00000000fec00fff] reserved
Apr 29 00:52:37 asifmt kernel: [    0.000000] reserve setup_data: [mem 0x00000000fee00000-0x00000000fee00fff] reserved
Apr 29 00:52:37 asifmt systemd[1]: Condition check resulted in Dispatch Password Requests to Console Directory Watch being skipped.
Apr 29 00:52:37 asifmt kernel: [    0.000000] reserve setup_data: [mem 0x00000000ff000000-0x00000000ffffffff] reserved
Apr 29 00:52:37 asifmt systemd[1]: Condition check resulted in Set Up Additional Binary Formats being skipped.
Apr 29 00:52:37 asifmt kernel: [    0.000000] reserve setup_data: [mem 0x0000000100000000-0x000000087c7fffff] usable
Apr 29 00:52:37 asifmt kernel: [    0.000000] efi: EFI v2.70 by American Megatrends
Apr 29 00:52:37 asifmt kernel: [    0.000000] efi: ACPI 2.0=0x79af1000 ACPI=0x79af1000 SMBIOS=0xf0000 SMBIOS 3.0=0xf0020 TPMFinalLog=0x79f54000 ESRT=0x7a82e018 MEMATTR=0x74c11098 RNG=0x7a5a2518 TPMEventLog=0x631b3018
Apr 29 00:52:37 asifmt kernel: [    0.000000] efi: seeding entropy pool
Apr 29 00:52:37 asifmt kernel: [    0.000000] random: fast init done
Apr 29 00:52:37 asifmt systemd[1]: Condition check resulted in File System Check on Root Device being skipped.
Apr 29 00:52:37 asifmt kernel: [    0.000000] secureboot: Secure boot disabled
Apr 29 00:52:37 asifmt kernel: [    0.000000] SMBIOS 3.1.1 present.
Apr 29 00:52:37 asifmt kernel: [    0.000000] DMI: Dell Inc. OptiPlex 7060/0C96W1, BIOS 1.8.0 07/10/2020
Apr 29 00:52:37 asifmt kernel: [    0.000000] tsc: Detected 3200.000 MHz processor
Apr 29 00:52:37 asifmt systemd[1]: Condition check resulted in Rebuild Hardware Database being skipped.
Apr 29 00:52:37 asifmt kernel: [    0.002432] tsc: Detected 3199.980 MHz TSC
Apr 29 00:52:37 asifmt kernel: [    0.002432] e820: update [mem 0x00000000-0x00000fff] usable ==> reserved
Apr 29 00:52:37 asifmt kernel: [    0.002433] e820: remove [mem 0x000a0000-0x000fffff] usable
Apr 29 00:52:37 asifmt systemd[1]: Condition check resulted in Platform Persistent Storage Archival being skipped.
Apr 29 00:52:37 asifmt kernel: [    0.002438] last_pfn = 0x87c800 max_arch_pfn = 0x400000000
Apr 29 00:52:37 asifmt kernel: [    0.002441] MTRR default type: write-back
Apr 29 00:52:37 asifmt systemd[1]: Mounted Mount unit for core20, revision 904.
Apr 29 00:52:37 asifmt kernel: [    0.002442] MTRR fixed ranges enabled:
Apr 29 00:52:37 asifmt kernel: [    0.002442]   00000-9FFFF write-back
Apr 29 00:52:37 asifmt kernel: [    0.002443]   A0000-BFFFF uncachable
Apr 29 00:52:37 asifmt systemd[1]: Mounted Mount unit for core18, revision 1988.
Apr 29 00:52:37 asifmt kernel: [    0.002444]   C0000-FFFFF write-protect
Apr 29 00:52:37 asifmt kernel: [    0.002444] MTRR variable ranges enabled:
Apr 29 00:52:37 asifmt systemd[1]: Mounted Mount unit for gnome-3-34-1804, revision 66.
Apr 29 00:52:37 asifmt kernel: [    0.002445]   0 base 0080000000 mask 7F80000000 uncachable
Apr 29 00:52:37 asifmt kernel: [    0.002446]   1 base 007E000000 mask 7FFE000000 uncachable
Apr 29 00:52:37 asifmt systemd[1]: Mounted Mount unit for gtk-common-themes, revision 1514.
Apr 29 00:52:37 asifmt kernel: [    0.002447]   2 base 007D000000 mask 7FFF000000 uncachable
Apr 29 00:52:37 asifmt kernel: [    0.002447]   3 disabled
Apr 29 00:52:37 asifmt kernel: [    0.002447]   4 disabled
Apr 29 00:52:37 asifmt kernel: [    0.002448]   5 disabled
Apr 29 00:52:37 asifmt kernel: [    0.002448]   6 disabled
Apr 29 00:52:37 asifmt systemd[1]: Mounted Mount unit for snap-store, revision 498.
Apr 29 00:52:37 asifmt kernel: [    0.002448]   7 disabled
Apr 29 00:52:37 asifmt kernel: [    0.002449]   8 disabled
Apr 29 00:52:37 asifmt kernel: [    0.002449]   9 disabled
Apr 29 00:52:37 asifmt kernel: [    0.002858] x86/PAT: Configuration [0-7]: WB  WC  UC- UC  WB  WP  UC- WT
Apr 29 00:52:37 asifmt systemd[1]: Mounted Mount unit for postman, revision 133.
Apr 29 00:52:37 asifmt kernel: [    0.003015] last_pfn = 0x7ad00 max_arch_pfn = 0x400000000
Apr 29 00:52:37 asifmt kernel: [    0.009352] esrt: Reserving ESRT space from 0x000000007a82e018 to 0x000000007a82e050.
Apr 29 00:52:37 asifmt systemd[1]: Mounted Mount unit for snapd, revision 11588.
Apr 29 00:52:37 asifmt kernel: [    0.009360] check: Scanning 1 areas for low memory corruption
Apr 29 00:52:37 asifmt kernel: [    0.009364] Using GB pages for direct mapping
Apr 29 00:52:37 asifmt kernel: [    0.009713] secureboot: Secure boot disabled
Apr 29 00:52:37 asifmt systemd[1]: Mounted Mount unit for postman, revision 132.
Apr 29 00:52:37 asifmt kernel: [    0.009714] RAMDISK: [mem 0x36b04000-0x39d79fff]
Apr 29 00:52:37 asifmt kernel: [    0.009724] ACPI: Early table checksum verification disabled
Apr 29 00:52:37 asifmt kernel: [    0.009727] ACPI: RSDP 0x0000000079AF1000 000024 (v02 DELL  )
Apr 29 00:52:37 asifmt systemd[1]: Mounted Mount unit for gnome-3-34-1804, revision 60.
Apr 29 00:52:37 asifmt kernel: [    0.009729] ACPI: XSDT 0x0000000079AF10B0 0000E4 (v01 DELL   CBX3     01072009 AMI  00010013)
Apr 29 00:52:37 asifmt kernel: [    0.009733] ACPI: FACP 0x0000000079B36690 000114 (v06 DELL   CBX3     01072009 AMI  00010013)
Apr 29 00:52:37 asifmt kernel: [    0.009737] ACPI: DSDT 0x0000000079AF1228 045466 (v02 DELL   CBX3     01072009 INTL 20160527)
Apr 29 00:52:37 asifmt kernel: [    0.009739] ACPI: FACS 0x000000007A010080 000040
Apr 29 00:52:37 asifmt systemd[1]: Mounted Mount unit for snap-store, revision 518.
Apr 29 00:52:37 asifmt kernel: [    0.009741] ACPI: APIC 0x0000000079B367A8 0000F4 (v04 DELL   CBX3     01072009 AMI  00010013)
Apr 29 00:52:37 asifmt kernel: [    0.009743] ACPI: FPDT 0x0000000079B368A0 000044 (v01 DELL   CBX3     01072009 AMI  00010013)
Apr 29 00:52:37 asifmt systemd[1]: Mounted Mount unit for mqtt-explorer, revision 29.
Apr 29 00:52:37 asifmt systemd[1]: Mounted Mount unit for snapd, revision 11402.
Apr 29 00:52:37 asifmt systemd[1]: Mounted Mount unit for ngrok, revision 29.
Apr 29 00:52:37 asifmt systemd[1]: Mounted Mount unit for slack, revision 39.
Apr 29 00:52:37 asifmt systemd[1]: Mounted Mount unit for mqttx, revision 14.
Apr 29 00:52:37 asifmt systemd[1]: Found device ADATA_SU650 1.
Apr 29 00:52:37 asifmt systemd[1]: Starting File System Check on /dev/disk/by-uuid/4CDA-E505...
Apr 29 00:52:37 asifmt systemd[1]: Started File System Check Daemon to report status.
Apr 29 00:52:37 asifmt systemd-fsck[727]: fsck.fat 4.1 (2017-01-24)
Apr 29 00:52:37 asifmt systemd-fsck[727]: 0x41: Dirty bit is set. Fs was not properly unmounted and some data may be corrupt.
Apr 29 00:52:37 asifmt systemd-fsck[727]:  Automatically removing dirty bit.
Apr 29 00:52:37 asifmt systemd-fsck[727]: Performing changes.
Apr 29 00:52:37 asifmt systemd-fsck[727]: /dev/sdb1: 19 files, 7891/133366 clusters
Apr 29 00:52:37 asifmt systemd[1]: Finished File System Check on /dev/disk/by-uuid/4CDA-E505.
Apr 29 00:52:37 asifmt kernel: [    0.009744] ACPI: FIDT 0x0000000079B368E8 00009C (v01 DELL   CBX3     01072009 AMI  00010013)
Apr 29 00:52:37 asifmt kernel: [    0.009746] ACPI: MCFG 0x0000000079B36988 00003C (v01 DELL   CBX3     01072009 MSFT 00000097)
Apr 29 00:52:37 asifmt kernel: [    0.009748] ACPI: SSDT 0x0000000079B369C8 0017DF (v02 CpuRef CpuSsdt  00003000 INTL 20160527)
Apr 29 00:52:37 asifmt systemd[1]: Mounting /boot/efi...
Apr 29 00:52:37 asifmt kernel: [    0.009750] ACPI: SSDT 0x0000000079B381A8 0031C8 (v02 SaSsdt SaSsdt   00003000 INTL 20160527)
Apr 29 00:52:37 asifmt kernel: [    0.009752] ACPI: HPET 0x0000000079B3B370 000038 (v01 INTEL  CBX3     00000002      01000013)
Apr 29 00:52:37 asifmt kernel: [    0.009754] ACPI: SSDT 0x0000000079B3B3A8 000E82 (v02 INTEL  Ther_Rvp 00001000 INTL 20160527)
Apr 29 00:52:37 asifmt systemd[1]: Mounted /boot/efi.
Apr 29 00:52:37 asifmt kernel: [    0.009756] ACPI: SSDT 0x0000000079B3C230 000A26 (v02 INTEL  DELL__MT 00000000 INTL 20160527)
Apr 29 00:52:37 asifmt systemd[1]: Reached target Local File Systems.
Apr 29 00:52:37 asifmt systemd[1]: Starting Load AppArmor profiles...
Apr 29 00:52:37 asifmt kernel: [    0.009758] ACPI: UEFI 0x0000000079B3CC58 000048 (v01 DELL\x CBX3     00000002      01000013)
Apr 29 00:52:37 asifmt kernel: [    0.009759] ACPI: LPIT 0x0000000079B3CCA0 00005C (v01 INTEL  CBX3     00000002      01000013)
Apr 29 00:52:37 asifmt systemd[1]: Starting Set console font and keymap...
Apr 29 00:52:37 asifmt kernel: [    0.009761] ACPI: SSDT 0x0000000079B3CD00 0027DE (v02 INTEL  PtidDevc 00001000 INTL 20160527)
Apr 29 00:52:37 asifmt kernel: [    0.009763] ACPI: SSDT 0x0000000079B3F4E0 0014E2 (v02 INTEL  TbtTypeC 00000000 INTL 20160527)
Apr 29 00:52:37 asifmt systemd[1]: Starting Preprocess NFS configuration...
Apr 29 00:52:37 asifmt kernel: [    0.009765] ACPI: DBGP 0x0000000079B409C8 000034 (v01 DELL\x CBX3     00000002      01000013)
Apr 29 00:52:37 asifmt kernel: [    0.009767] ACPI: DBG2 0x0000000079B40A00 000054 (v00 DELL\x CBX3     00000002      01000013)
Apr 29 00:52:37 asifmt systemd[1]: Starting Tell Plymouth To Write Out Runtime Data...
Apr 29 00:52:37 asifmt kernel: [    0.009769] ACPI: SSDT 0x0000000079B40A58 000144 (v02 Intel  ADebTabl 00001000 INTL 20160527)
Apr 29 00:52:37 asifmt kernel: [    0.009771] ACPI: DMAR 0x0000000079B40BA0 0000A8 (v01 INTEL  EDK2     00000002      01000013)
Apr 29 00:52:37 asifmt kernel: [    0.009773] ACPI: BGRT 0x0000000079B40C48 000038 (v00                 01072009 AMI  00010013)
Apr 29 00:52:37 asifmt systemd[1]: Condition check resulted in Store a System Token in an EFI Variable being skipped.
Apr 29 00:52:37 asifmt kernel: [    0.009775] ACPI: UEFI 0x0000000079B40C80 00063A (v01 INTEL  RstSataE 00000000 ??   00000000)
Apr 29 00:52:37 asifmt kernel: [    0.009777] ACPI: UEFI 0x0000000079B412C0 00005C (v01 INTEL  RstSataV 00000000 ??   00000000)
Apr 29 00:52:37 asifmt kernel: [    0.009779] ACPI: TPM2 0x0000000079B41320 000034 (v04 DELL\x CBX3     00000001 AMI  00000000)
Apr 29 00:52:37 asifmt systemd[1]: Condition check resulted in Commit a transient machine-id on disk being skipped.
Apr 29 00:52:37 asifmt kernel: [    0.009780] ACPI: BERT 0x0000000079B41358 000030 (v01 INTEL  EDK2     00000001 INTL 00000001)
Apr 29 00:52:37 asifmt systemd[1]: Starting Create Volatile Files and Directories...
Apr 29 00:52:37 asifmt kernel: [    0.009782] ACPI: ASF! 0x0000000079B41388 0000A0 (v32 DELL\x CBX3     00000002      01000013)
Apr 29 00:52:37 asifmt kernel: [    0.009789] ACPI: Local APIC address 0xfee00000
Apr 29 00:52:37 asifmt kernel: [    0.010134] No NUMA configuration found
Apr 29 00:52:37 asifmt systemd[1]: Finished Set console font and keymap.
Apr 29 00:52:37 asifmt kernel: [    0.010135] Faking a node at [mem 0x0000000000000000-0x000000087c7fffff]
Apr 29 00:52:37 asifmt kernel: [    0.010141] NODE_DATA(0) allocated [mem 0x87c7d6000-0x87c7fffff]
Apr 29 00:52:37 asifmt kernel: [    0.010382] Zone ranges:
Apr 29 00:52:37 asifmt systemd[1]: nfs-config.service: Succeeded.
Apr 29 00:52:37 asifmt kernel: [    0.010383]   DMA      [mem 0x0000000000001000-0x0000000000ffffff]
Apr 29 00:52:37 asifmt kernel: [    0.010384]   DMA32    [mem 0x0000000001000000-0x00000000ffffffff]
Apr 29 00:52:37 asifmt systemd[1]: Finished Preprocess NFS configuration.
Apr 29 00:52:37 asifmt kernel: [    0.010384]   Normal   [mem 0x0000000100000000-0x000000087c7fffff]
Apr 29 00:52:37 asifmt kernel: [    0.010385]   Device   empty
Apr 29 00:52:37 asifmt kernel: [    0.010386] Movable zone start for each node
Apr 29 00:52:37 asifmt systemd[1]: Condition check resulted in RPC security service for NFS client and server being skipped.
Apr 29 00:52:37 asifmt kernel: [    0.010388] Early memory node ranges
Apr 29 00:52:37 asifmt systemd[1]: Reached target NFS client services.
Apr 29 00:52:37 asifmt kernel: [    0.010388]   node   0: [mem 0x0000000000001000-0x000000000009efff]
Apr 29 00:52:37 asifmt kernel: [    0.010389]   node   0: [mem 0x0000000000100000-0x000000006307dfff]
Apr 29 00:52:37 asifmt kernel: [    0.010390]   node   0: [mem 0x0000000063080000-0x0000000076cadfff]
Apr 29 00:52:37 asifmt systemd[1]: Received SIGRTMIN+20 from PID 444 (plymouthd).
Apr 29 00:52:37 asifmt kernel: [    0.010390]   node   0: [mem 0x000000007acff000-0x000000007acfffff]
Apr 29 00:52:37 asifmt kernel: [    0.010391]   node   0: [mem 0x0000000100000000-0x000000087c7fffff]
Apr 29 00:52:37 asifmt kernel: [    0.010776] Zeroed struct page in unavailable ranges: 52149 pages
Apr 29 00:52:37 asifmt kernel: [    0.010777] Initmem setup node 0 [mem 0x0000000000001000-0x000000087c7fffff]
Apr 29 00:52:37 asifmt systemd[1]: plymouth-read-write.service: Succeeded.
Apr 29 00:52:37 asifmt kernel: [    0.010778] On node 0 totalpages: 8336459
Apr 29 00:52:37 asifmt kernel: [    0.010779]   DMA zone: 64 pages used for memmap
Apr 29 00:52:37 asifmt kernel: [    0.010779]   DMA zone: 21 pages reserved
Apr 29 00:52:37 asifmt apparmor.systemd[731]: Restarting AppArmor
Apr 29 00:52:37 asifmt kernel: [    0.010780]   DMA zone: 3998 pages, LIFO batch:0
Apr 29 00:52:37 asifmt kernel: [    0.010798]   DMA32 zone: 7539 pages used for memmap
Apr 29 00:52:37 asifmt kernel: [    0.010799]   DMA32 zone: 482477 pages, LIFO batch:63
Apr 29 00:52:37 asifmt kernel: [    0.013199]   Normal zone: 122656 pages used for memmap
Apr 29 00:52:37 asifmt kernel: [    0.013199]   Normal zone: 7849984 pages, LIFO batch:63
Apr 29 00:52:37 asifmt apparmor.systemd[731]: Reloading AppArmor profiles
Apr 29 00:52:37 asifmt kernel: [    0.054231] Reserving Intel graphics memory at [mem 0x7d800000-0x7f7fffff]
Apr 29 00:52:37 asifmt kernel: [    0.054891] ACPI: PM-Timer IO Port: 0x1808
Apr 29 00:52:37 asifmt kernel: [    0.054892] ACPI: Local APIC address 0xfee00000
Apr 29 00:52:37 asifmt systemd[1]: Finished Tell Plymouth To Write Out Runtime Data.
Apr 29 00:52:37 asifmt kernel: [    0.054897] ACPI: LAPIC_NMI (acpi_id[0x01] high edge lint[0x1])
Apr 29 00:52:37 asifmt kernel: [    0.054898] ACPI: LAPIC_NMI (acpi_id[0x02] high edge lint[0x1])
Apr 29 00:52:37 asifmt kernel: [    0.054898] ACPI: LAPIC_NMI (acpi_id[0x03] high edge lint[0x1])
Apr 29 00:52:37 asifmt kernel: [    0.054898] ACPI: LAPIC_NMI (acpi_id[0x04] high edge lint[0x1])
Apr 29 00:52:37 asifmt kernel: [    0.054899] ACPI: LAPIC_NMI (acpi_id[0x05] high edge lint[0x1])
Apr 29 00:52:37 asifmt kernel: [    0.054899] ACPI: LAPIC_NMI (acpi_id[0x06] high edge lint[0x1])
Apr 29 00:52:37 asifmt kernel: [    0.054900] ACPI: LAPIC_NMI (acpi_id[0x07] high edge lint[0x1])
Apr 29 00:52:37 asifmt kernel: [    0.054900] ACPI: LAPIC_NMI (acpi_id[0x08] high edge lint[0x1])
Apr 29 00:52:37 asifmt kernel: [    0.054900] ACPI: LAPIC_NMI (acpi_id[0x09] high edge lint[0x1])
Apr 29 00:52:37 asifmt kernel: [    0.054901] ACPI: LAPIC_NMI (acpi_id[0x0a] high edge lint[0x1])
Apr 29 00:52:37 asifmt kernel: [    0.054901] ACPI: LAPIC_NMI (acpi_id[0x0b] high edge lint[0x1])
Apr 29 00:52:37 asifmt kernel: [    0.054902] ACPI: LAPIC_NMI (acpi_id[0x0c] high edge lint[0x1])
Apr 29 00:52:37 asifmt kernel: [    0.054962] IOAPIC[0]: apic_id 2, version 32, address 0xfec00000, GSI 0-119
Apr 29 00:52:37 asifmt kernel: [    0.054963] ACPI: INT_SRC_OVR (bus 0 bus_irq 0 global_irq 2 dfl dfl)
Apr 29 00:52:37 asifmt kernel: [    0.054964] ACPI: INT_SRC_OVR (bus 0 bus_irq 9 global_irq 9 high level)
Apr 29 00:52:37 asifmt kernel: [    0.054965] ACPI: IRQ0 used by override.
Apr 29 00:52:37 asifmt kernel: [    0.054966] ACPI: IRQ9 used by override.
Apr 29 00:52:37 asifmt apparmor.systemd[745]: Skipping profile in /etc/apparmor.d/disable: usr.bin.firefox
Apr 29 00:52:37 asifmt kernel: [    0.054967] Using ACPI (MADT) for SMP configuration information
Apr 29 00:52:37 asifmt kernel: [    0.054968] ACPI: HPET id: 0x8086a201 base: 0xfed00000
Apr 29 00:52:37 asifmt kernel: [    0.054973] e820: update [mem 0x727eb000-0x72873fff] usable ==> reserved
Apr 29 00:52:37 asifmt kernel: [    0.054980] TSC deadline timer available
Apr 29 00:52:37 asifmt apparmor.systemd[757]: Skipping profile in /etc/apparmor.d/disable: usr.sbin.rsyslogd
Apr 29 00:52:37 asifmt kernel: [    0.054980] smpboot: Allowing 12 CPUs, 0 hotplug CPUs
Apr 29 00:52:37 asifmt systemd[1]: Finished Create Volatile Files and Directories.
Apr 29 00:52:37 asifmt kernel: [    0.054994] PM: hibernation: Registered nosave memory: [mem 0x00000000-0x00000fff]
Apr 29 00:52:37 asifmt kernel: [    0.054995] PM: hibernation: Registered nosave memory: [mem 0x0009f000-0x000fffff]
Apr 29 00:52:37 asifmt kernel: [    0.054996] PM: hibernation: Registered nosave memory: [mem 0x60b5f000-0x60b5ffff]
Apr 29 00:52:37 asifmt systemd[1]: Starting RPC bind portmap service...
Apr 29 00:52:37 asifmt kernel: [    0.054997] PM: hibernation: Registered nosave memory: [mem 0x60b68000-0x60b68fff]
Apr 29 00:52:37 asifmt kernel: [    0.054997] PM: hibernation: Registered nosave memory: [mem 0x60b69000-0x60b69fff]
Apr 29 00:52:37 asifmt kernel: [    0.054998] PM: hibernation: Registered nosave memory: [mem 0x60b86000-0x60b86fff]
Apr 29 00:52:37 asifmt kernel: [    0.054999] PM: hibernation: Registered nosave memory: [mem 0x6307e000-0x6307efff]
Apr 29 00:52:37 asifmt kernel: [    0.055000] PM: hibernation: Registered nosave memory: [mem 0x6307f000-0x6307ffff]
Apr 29 00:52:37 asifmt kernel: [    0.055001] PM: hibernation: Registered nosave memory: [mem 0x727eb000-0x72873fff]
Apr 29 00:52:37 asifmt kernel: [    0.055002] PM: hibernation: Registered nosave memory: [mem 0x76cae000-0x79ad7fff]
Apr 29 00:52:37 asifmt kernel: [    0.055002] PM: hibernation: Registered nosave memory: [mem 0x79ad8000-0x79b54fff]
Apr 29 00:52:37 asifmt kernel: [    0.055003] PM: hibernation: Registered nosave memory: [mem 0x79b55000-0x7a011fff]
Apr 29 00:52:37 asifmt systemd[1]: Starting Network Name Resolution...
Apr 29 00:52:37 asifmt kernel: [    0.055003] PM: hibernation: Registered nosave memory: [mem 0x7a012000-0x7acfefff]
Apr 29 00:52:37 asifmt kernel: [    0.055004] PM: hibernation: Registered nosave memory: [mem 0x7ad00000-0x7f7fffff]
Apr 29 00:52:37 asifmt kernel: [    0.055005] PM: hibernation: Registered nosave memory: [mem 0x7f800000-0xefffffff]
Apr 29 00:52:37 asifmt systemd[1]: Starting Network Time Synchronization...
Apr 29 00:52:37 asifmt kernel: [    0.055005] PM: hibernation: Registered nosave memory: [mem 0xf0000000-0xf7ffffff]
Apr 29 00:52:37 asifmt kernel: [    0.055005] PM: hibernation: Registered nosave memory: [mem 0xf8000000-0xfdffffff]
Apr 29 00:52:37 asifmt kernel: [    0.055006] PM: hibernation: Registered nosave memory: [mem 0xfe000000-0xfe010fff]
Apr 29 00:52:37 asifmt systemd[1]: Starting Update UTMP about System Boot/Shutdown...
Apr 29 00:52:37 asifmt kernel: [    0.055006] PM: hibernation: Registered nosave memory: [mem 0xfe011000-0xfebfffff]
Apr 29 00:52:37 asifmt systemd[1]: Finished Update UTMP about System Boot/Shutdown.
Apr 29 00:52:37 asifmt kernel: [    0.055006] PM: hibernation: Registered nosave memory: [mem 0xfec00000-0xfec00fff]
Apr 29 00:52:37 asifmt kernel: [    0.055007] PM: hibernation: Registered nosave memory: [mem 0xfec01000-0xfedfffff]
Apr 29 00:52:37 asifmt kernel: [    0.055007] PM: hibernation: Registered nosave memory: [mem 0xfee00000-0xfee00fff]
Apr 29 00:52:37 asifmt systemd[1]: Started RPC bind portmap service.
Apr 29 00:52:37 asifmt kernel: [    0.055008] PM: hibernation: Registered nosave memory: [mem 0xfee01000-0xfeffffff]
Apr 29 00:52:37 asifmt kernel: [    0.055008] PM: hibernation: Registered nosave memory: [mem 0xff000000-0xffffffff]
Apr 29 00:52:37 asifmt systemd[1]: Reached target Remote File Systems (Pre).
Apr 29 00:52:37 asifmt systemd[1]: Reached target Remote File Systems.
Apr 29 00:52:37 asifmt kernel: [    0.055009] [mem 0x7f800000-0xefffffff] available for PCI devices
Apr 29 00:52:37 asifmt kernel: [    0.055010] Booting paravirtualized kernel on bare hardware
Apr 29 00:52:37 asifmt kernel: [    0.055012] clocksource: refined-jiffies: mask: 0xffffffff max_cycles: 0xffffffff, max_idle_ns: 7645519600211568 ns
Apr 29 00:52:37 asifmt systemd[1]: Reached target RPC Port Mapper.
Apr 29 00:52:37 asifmt kernel: [    0.055017] setup_percpu: NR_CPUS:8192 nr_cpumask_bits:12 nr_cpu_ids:12 nr_node_ids:1
Apr 29 00:52:37 asifmt kernel: [    0.055265] percpu: Embedded 56 pages/cpu s192512 r8192 d28672 u262144
Apr 29 00:52:37 asifmt kernel: [    0.055270] pcpu-alloc: s192512 r8192 d28672 u262144 alloc=1*2097152
Apr 29 00:52:37 asifmt systemd[1]: Finished Load AppArmor profiles.
Apr 29 00:52:37 asifmt systemd[1]: Starting Load AppArmor profiles managed internally by snapd...
Apr 29 00:52:37 asifmt systemd[1]: Started Network Time Synchronization.
Apr 29 00:52:37 asifmt systemd[1]: Reached target System Time Set.
Apr 29 00:52:37 asifmt systemd[1]: Reached target System Time Synchronized.
Apr 29 00:52:37 asifmt systemd[1]: Finished Load AppArmor profiles managed internally by snapd.
Apr 29 00:52:37 asifmt systemd[1]: Reached target System Initialization.
Apr 29 00:52:37 asifmt systemd[1]: Started ACPI Events Check.
Apr 29 00:52:37 asifmt systemd[1]: Started Process error reports when automatic reporting is enabled (file watch).
Apr 29 00:52:37 asifmt systemd[1]: Started CUPS Scheduler.
Apr 29 00:52:37 asifmt systemd[1]: Started resolvconf-pull-resolved.path.
Apr 29 00:52:37 asifmt systemd[1]: Started Trigger anacron every hour.
Apr 29 00:52:37 asifmt systemd[1]: Started Daily apt download activities.
Apr 29 00:52:37 asifmt systemd[1]: Started Daily apt upgrade and clean activities.
Apr 29 00:52:37 asifmt systemd[1]: Started Periodic ext4 Online Metadata Check for All Filesystems.
Apr 29 00:52:37 asifmt systemd[1]: Started Discard unused blocks once a week.
Apr 29 00:52:37 asifmt systemd[1]: Started Refresh fwupd metadata regularly.
Apr 29 00:52:37 asifmt systemd[1]: Started Daily rotation of log files.
Apr 29 00:52:37 asifmt systemd[1]: Started Daily man-db regeneration.
Apr 29 00:52:37 asifmt kernel: [    0.055270] pcpu-alloc: [0] 00 01 02 03 04 05 06 07 [0] 08 09 10 11 -- -- -- --
Apr 29 00:52:37 asifmt systemd[1]: Started Message of the Day.
Apr 29 00:52:37 asifmt systemd[1]: Condition check resulted in Timer to automatically fetch and run repair assertions being skipped.
Apr 29 00:52:37 asifmt kernel: [    0.055295] Built 1 zonelists, mobility grouping on.  Total pages: 8206179
Apr 29 00:52:37 asifmt kernel: [    0.055296] Policy zone: Normal
Apr 29 00:52:37 asifmt kernel: [    0.055296] Kernel command line: BOOT_IMAGE=/boot/vmlinuz-5.8.0-50-generic root=UUID=a1e53534-51f5-4a53-bd34-10e1bc71eea1 ro quiet splash nomodeset vt.handoff=7
Apr 29 00:52:37 asifmt systemd[1]: Started Daily Cleanup of Temporary Directories.
Apr 29 00:52:37 asifmt kernel: [    0.055363] You have booted with nomodeset. This means your GPU drivers are DISABLED
Apr 29 00:52:37 asifmt kernel: [    0.055363] Any video related functionality will be severely degraded, and you may not even be able to suspend the system properly
Apr 29 00:52:37 asifmt systemd[1]: Reached target Paths.
Apr 29 00:52:37 asifmt kernel: [    0.055363] Unless you actually understand what nomodeset does, you should reboot without enabling it
Apr 29 00:52:37 asifmt kernel: [    0.056701] Dentry cache hash table entries: 4194304 (order: 13, 33554432 bytes, linear)
Apr 29 00:52:37 asifmt kernel: [    0.057362] Inode-cache hash table entries: 2097152 (order: 12, 16777216 bytes, linear)
Apr 29 00:52:37 asifmt kernel: [    0.057451] mem auto-init: stack:off, heap alloc:on, heap free:off
Apr 29 00:52:37 asifmt kernel: [    0.118042] Memory: 32574588K/33345836K available (14339K kernel code, 2537K rwdata, 5452K rodata, 2644K init, 4916K bss, 771248K reserved, 0K cma-reserved)
Apr 29 00:52:37 asifmt kernel: [    0.118047] random: get_random_u64 called from kmem_cache_open+0x2d/0x410 with crng_init=1
Apr 29 00:52:37 asifmt systemd[1]: Reached target Timers.
Apr 29 00:52:37 asifmt kernel: [    0.118162] SLUB: HWalign=64, Order=0-3, MinObjects=0, CPUs=12, Nodes=1
Apr 29 00:52:37 asifmt kernel: [    0.118174] Kernel/User page tables isolation: enabled
Apr 29 00:52:37 asifmt kernel: [    0.118190] ftrace: allocating 46462 entries in 182 pages
Apr 29 00:52:37 asifmt kernel: [    0.131702] ftrace: allocated 182 pages with 5 groups
Apr 29 00:52:37 asifmt systemd[1]: Listening on ACPID Listen Socket.
Apr 29 00:52:37 asifmt kernel: [    0.131798] rcu: Hierarchical RCU implementation.
Apr 29 00:52:37 asifmt kernel: [    0.131799] rcu: 	RCU restricting CPUs from NR_CPUS=8192 to nr_cpu_ids=12.
Apr 29 00:52:37 asifmt kernel: [    0.131799] 	Trampoline variant of Tasks RCU enabled.
Apr 29 00:52:37 asifmt systemd[1]: Condition check resulted in Unix socket for apport crash forwarding being skipped.
Apr 29 00:52:37 asifmt kernel: [    0.131800] 	Rude variant of Tasks RCU enabled.
Apr 29 00:52:37 asifmt kernel: [    0.131800] 	Tracing variant of Tasks RCU enabled.
Apr 29 00:52:37 asifmt kernel: [    0.131800] rcu: RCU calculated value of scheduler-enlistment delay is 25 jiffies.
Apr 29 00:52:37 asifmt kernel: [    0.131801] rcu: Adjusting geometry for rcu_fanout_leaf=16, nr_cpu_ids=12
Apr 29 00:52:37 asifmt kernel: [    0.134223] NR_IRQS: 524544, nr_irqs: 2152, preallocated irqs: 16
Apr 29 00:52:37 asifmt systemd[1]: Listening on Avahi mDNS/DNS-SD Stack Activation Socket.
Apr 29 00:52:37 asifmt kernel: [    0.134875] random: crng done (trusting CPU's manufacturer)
Apr 29 00:52:37 asifmt kernel: [    0.134893] vt handoff: transparent VT on vt#7
Apr 29 00:52:37 asifmt systemd[1]: Listening on CUPS Scheduler.
Apr 29 00:52:37 asifmt kernel: [    0.134898] Console: colour dummy device 80x25
Apr 29 00:52:37 asifmt kernel: [    0.134901] printk: console [tty0] enabled
Apr 29 00:52:37 asifmt kernel: [    0.134918] ACPI: Core revision 20200528
Apr 29 00:52:37 asifmt kernel: [    0.135329] clocksource: hpet: mask: 0xffffffff max_cycles: 0xffffffff, max_idle_ns: 79635855245 ns
Apr 29 00:52:37 asifmt kernel: [    0.135472] APIC: Switch to symmetric I/O mode setup
Apr 29 00:52:37 asifmt kernel: [    0.135474] DMAR: Host address width 39
Apr 29 00:52:37 asifmt systemd[1]: Listening on D-Bus System Message Bus Socket.
Apr 29 00:52:37 asifmt kernel: [    0.135475] DMAR: DRHD base: 0x000000fed90000 flags: 0x0
Apr 29 00:52:37 asifmt kernel: [    0.135479] DMAR: dmar0: reg_base_addr fed90000 ver 1:0 cap 1c0000c40660462 ecap 19e2ff0505e
Apr 29 00:52:37 asifmt kernel: [    0.135480] DMAR: DRHD base: 0x000000fed91000 flags: 0x1
Apr 29 00:52:37 asifmt kernel: [    0.135482] DMAR: dmar1: reg_base_addr fed91000 ver 1:0 cap d2008c40660462 ecap f050da
Apr 29 00:52:37 asifmt systemd[1]: Starting Docker Socket for the API.
Apr 29 00:52:37 asifmt kernel: [    0.135483] DMAR: RMRR base: 0x0000007a5e4000 end: 0x0000007a82dfff
Apr 29 00:52:37 asifmt kernel: [    0.135484] DMAR: RMRR base: 0x0000007d000000 end: 0x0000007f7fffff
Apr 29 00:52:37 asifmt kernel: [    0.135485] DMAR-IR: IOAPIC id 2 under DRHD base  0xfed91000 IOMMU 1
Apr 29 00:52:37 asifmt kernel: [    0.135486] DMAR-IR: HPET id 0 under DRHD base 0xfed91000
Apr 29 00:52:37 asifmt systemd[1]: Listening on Erlang Port Mapper Daemon Activation Socket.
Apr 29 00:52:37 asifmt kernel: [    0.135486] DMAR-IR: Queued invalidation will be enabled to support x2apic and Intr-remapping.
Apr 29 00:52:37 asifmt kernel: [    0.138589] DMAR-IR: Enabled IRQ remapping in x2apic mode
Apr 29 00:52:37 asifmt kernel: [    0.138590] x2apic enabled
Apr 29 00:52:37 asifmt kernel: [    0.138620] Switched APIC routing to cluster x2apic.
Apr 29 00:52:37 asifmt systemd[1]: Starting Socket activation for snappy daemon.
Apr 29 00:52:37 asifmt kernel: [    0.147957] ..TIMER: vector=0x30 apic1=0 pin1=2 apic2=-1 pin2=-1
Apr 29 00:52:37 asifmt kernel: [    0.167342] clocksource: tsc-early: mask: 0xffffffffffffffff max_cycles: 0x2e2036ff8d5, max_idle_ns: 440795275316 ns
Apr 29 00:52:37 asifmt kernel: [    0.167345] Calibrating delay loop (skipped), value calculated using timer frequency.. 6399.96 BogoMIPS (lpj=12799920)
Apr 29 00:52:37 asifmt kernel: [    0.167347] pid_max: default: 32768 minimum: 301
Apr 29 00:52:37 asifmt systemd[1]: Listening on UUID daemon activation socket.
Apr 29 00:52:37 asifmt kernel: [    0.169615] LSM: Security Framework initializing
Apr 29 00:52:37 asifmt kernel: [    0.169623] Yama: becoming mindful.
Apr 29 00:52:37 asifmt systemd[1]: Listening on Docker Socket for the API.
Apr 29 00:52:37 asifmt kernel: [    0.169642] AppArmor: AppArmor initialized
Apr 29 00:52:37 asifmt kernel: [    0.169707] Mount-cache hash table entries: 65536 (order: 7, 524288 bytes, linear)
Apr 29 00:52:37 asifmt kernel: [    0.169746] Mountpoint-cache hash table entries: 65536 (order: 7, 524288 bytes, linear)
Apr 29 00:52:37 asifmt kernel: [    0.169981] mce: CPU0: Thermal monitoring enabled (TM1)
Apr 29 00:52:37 asifmt systemd[1]: Listening on Socket activation for snappy daemon.
Apr 29 00:52:37 asifmt kernel: [    0.170003] process: using mwait in idle threads
Apr 29 00:52:37 asifmt kernel: [    0.170004] Last level iTLB entries: 4KB 64, 2MB 8, 4MB 8
Apr 29 00:52:37 asifmt kernel: [    0.170005] Last level dTLB entries: 4KB 64, 2MB 0, 4MB 0, 1GB 4
Apr 29 00:52:37 asifmt systemd[1]: Reached target Sockets.
Apr 29 00:52:37 asifmt kernel: [    0.170007] Spectre V1 : Mitigation: usercopy/swapgs barriers and __user pointer sanitization
Apr 29 00:52:37 asifmt kernel: [    0.170008] Spectre V2 : Mitigation: Full generic retpoline
Apr 29 00:52:37 asifmt kernel: [    0.170008] Spectre V2 : Spectre v2 / SpectreRSB mitigation: Filling RSB on context switch
Apr 29 00:52:37 asifmt kernel: [    0.170009] Spectre V2 : Enabling Restricted Speculation for firmware calls
Apr 29 00:52:37 asifmt kernel: [    0.170010] Spectre V2 : mitigation: Enabling conditional Indirect Branch Prediction Barrier
Apr 29 00:52:37 asifmt kernel: [    0.170010] Spectre V2 : User space: Mitigation: STIBP via seccomp and prctl
Apr 29 00:52:37 asifmt systemd[1]: Reached target Basic System.
Apr 29 00:52:37 asifmt kernel: [    0.170011] Speculative Store Bypass: Mitigation: Speculative Store Bypass disabled via prctl and seccomp
Apr 29 00:52:37 asifmt kernel: [    0.170013] TAA: Mitigation: Clear CPU buffers
Apr 29 00:52:37 asifmt kernel: [    0.170015] SRBDS: Mitigation: Microcode
Apr 29 00:52:37 asifmt kernel: [    0.170016] MDS: Mitigation: Clear CPU buffers
Apr 29 00:52:37 asifmt kernel: [    0.170235] Freeing SMP alternatives memory: 40K
Apr 29 00:52:37 asifmt systemd[1]: Starting Accounts Service...
Apr 29 00:52:37 asifmt kernel: [    0.172277] smpboot: CPU0: Intel(R) Core(TM) i7-8700 CPU @ 3.20GHz (family: 0x6, model: 0x9e, stepping: 0xa)
Apr 29 00:52:37 asifmt systemd[1]: Started ACPI event daemon.
Apr 29 00:52:37 asifmt kernel: [    0.172390] Performance Events: PEBS fmt3+, Skylake events, 32-deep LBR, full-width counters, Intel PMU driver.
Apr 29 00:52:37 asifmt kernel: [    0.172394] ... version:                4
Apr 29 00:52:37 asifmt kernel: [    0.172394] ... bit width:              48
Apr 29 00:52:37 asifmt kernel: [    0.172395] ... generic registers:      4
Apr 29 00:52:37 asifmt kernel: [    0.172395] ... value mask:             0000ffffffffffff
Apr 29 00:52:37 asifmt kernel: [    0.172395] ... max period:             00007fffffffffff
Apr 29 00:52:37 asifmt systemd[1]: Started Run anacron jobs.
Apr 29 00:52:37 asifmt kernel: [    0.172396] ... fixed-purpose events:   3
Apr 29 00:52:37 asifmt kernel: [    0.172396] ... event mask:             000000070000000f
Apr 29 00:52:37 asifmt kernel: [    0.172427] rcu: Hierarchical SRCU implementation.
Apr 29 00:52:37 asifmt systemd[1]: Starting LSB: automatic crash report generation...
Apr 29 00:52:37 asifmt kernel: [    0.173465] NMI watchdog: Enabled. Permanently consumes one hw-PMU counter.
Apr 29 00:52:37 asifmt kernel: [    0.173545] smp: Bringing up secondary CPUs ...
Apr 29 00:52:37 asifmt kernel: [    0.173616] x86: Booting SMP configuration:
Apr 29 00:52:37 asifmt kernel: [    0.173616] .... node  #0, CPUs:        #1  #2  #3  #4  #5  #6
Apr 29 00:52:37 asifmt systemd[1]: Starting Avahi mDNS/DNS-SD Stack...
Apr 29 00:52:37 asifmt kernel: [    0.184016] MDS CPU bug present and SMT on, data leak possible. See https://www.kernel.org/doc/html/latest/admin-guide/hw-vuln/mds.html for more details.
Apr 29 00:52:37 asifmt kernel: [    0.184016] TAA CPU bug present and SMT on, data leak possible. See https://www.kernel.org/doc/html/latest/admin-guide/hw-vuln/tsx_async_abort.html for more details.
Apr 29 00:52:37 asifmt kernel: [    0.184016]   #7  #8  #9 #10 #11
Apr 29 00:52:37 asifmt kernel: [    0.184016] smp: Brought up 1 node, 12 CPUs
Apr 29 00:52:37 asifmt kernel: [    0.184016] smpboot: Max logical packages: 1
Apr 29 00:52:37 asifmt kernel: [    0.184016] smpboot: Total of 12 processors activated (76799.52 BogoMIPS)
Apr 29 00:52:37 asifmt systemd[1]: Started Regular background program processing daemon.
Apr 29 00:52:37 asifmt kernel: [    0.188142] devtmpfs: initialized
Apr 29 00:52:37 asifmt kernel: [    0.188142] x86/mm: Memory block size: 128MB
Apr 29 00:52:37 asifmt kernel: [    0.188933] PM: Registering ACPI NVS region [mem 0x6307e000-0x6307efff] (4096 bytes)
Apr 29 00:52:37 asifmt anacron[806]: Anacron 2.3 started on 2021-04-29
Apr 29 00:52:37 asifmt kernel: [    0.188933] PM: Registering ACPI NVS region [mem 0x79b55000-0x7a011fff] (4968448 bytes)
Apr 29 00:52:37 asifmt kernel: [    0.188933] clocksource: jiffies: mask: 0xffffffff max_cycles: 0xffffffff, max_idle_ns: 7645041785100000 ns
Apr 29 00:52:37 asifmt kernel: [    0.188933] futex hash table entries: 4096 (order: 6, 262144 bytes, linear)
Apr 29 00:52:37 asifmt systemd[1]: Started CUPS Scheduler.
Apr 29 00:52:37 asifmt kernel: [    0.188933] pinctrl core: initialized pinctrl subsystem
Apr 29 00:52:37 asifmt kernel: [    0.188933] PM: RTC time: 18:52:29, date: 2021-04-28
Apr 29 00:52:37 asifmt kernel: [    0.188933] thermal_sys: Registered thermal governor 'fair_share'
Apr 29 00:52:37 asifmt systemd[1]: Started D-Bus System Message Bus.
Apr 29 00:52:37 asifmt kernel: [    0.188933] thermal_sys: Registered thermal governor 'bang_bang'
Apr 29 00:52:37 asifmt kernel: [    0.188933] thermal_sys: Registered thermal governor 'step_wise'
Apr 29 00:52:37 asifmt kernel: [    0.188933] thermal_sys: Registered thermal governor 'user_space'
Apr 29 00:52:37 asifmt systemd[1]: Starting Network Manager...
Apr 29 00:52:37 asifmt kernel: [    0.188933] thermal_sys: Registered thermal governor 'power_allocator'
Apr 29 00:52:37 asifmt kernel: [    0.188933] NET: Registered protocol family 16
Apr 29 00:52:37 asifmt kernel: [    0.188933] DMA: preallocated 4096 KiB GFP_KERNEL pool for atomic allocations
Apr 29 00:52:37 asifmt systemd[1]: Started Save initial kernel messages after boot.
Apr 29 00:52:37 asifmt kernel: [    0.188933] DMA: preallocated 4096 KiB GFP_KERNEL|GFP_DMA pool for atomic allocations
Apr 29 00:52:37 asifmt kernel: [    0.188933] DMA: preallocated 4096 KiB GFP_KERNEL|GFP_DMA32 pool for atomic allocations
Apr 29 00:52:37 asifmt kernel: [    0.188933] audit: initializing netlink subsys (disabled)
Apr 29 00:52:37 asifmt cron[809]: (CRON) INFO (pidfile fd = 3)
Apr 29 00:52:37 asifmt systemd[1]: Starting Remove Stale Online ext4 Metadata Check Snapshots...
Apr 29 00:52:37 asifmt anacron[806]: Will run job `cron.daily' in 5 min.
Apr 29 00:52:37 asifmt systemd[1]: Condition check resulted in getty on tty2-tty6 if dbus and logind are not available being skipped.
Apr 29 00:52:37 asifmt anacron[806]: Jobs will be executed sequentially
Apr 29 00:52:37 asifmt systemd[1]: Reached target Login Prompts.
Apr 29 00:52:37 asifmt systemd[1]: Starting Detect the available GPUs and deal with any system changes...
Apr 29 00:52:37 asifmt systemd[1]: Starting LSB: Record successful boot for GRUB...
Apr 29 00:52:37 asifmt systemd[1]: Started irqbalance daemon.
Apr 29 00:52:37 asifmt systemd[1]: Starting Dispatcher daemon for systemd-networkd...
Apr 29 00:52:37 asifmt systemd[1]: Started Set the CPU Frequency Scaling governor.
Apr 29 00:52:37 asifmt systemd[1]: Starting Authorization Manager...
Apr 29 00:52:37 asifmt systemd[1]: Starting Restore /etc/resolv.conf if the system crashed before the ppp link was shut down...
Apr 29 00:52:37 asifmt kernel: [    0.188933] audit: type=2000 audit(1619635949.044:1): state=initialized audit_enabled=0 res=1
Apr 29 00:52:37 asifmt kernel: [    0.188933] EISA bus registered
Apr 29 00:52:37 asifmt kernel: [    0.188933] cpuidle: using governor ladder
Apr 29 00:52:37 asifmt kernel: [    0.188933] cpuidle: using governor menu
Apr 29 00:52:37 asifmt kernel: [    0.188933] ACPI FADT declares the system doesn't support PCIe ASPM, so disable it
Apr 29 00:52:37 asifmt kernel: [    0.188933] ACPI: bus type PCI registered
Apr 29 00:52:37 asifmt kernel: [    0.188933] acpiphp: ACPI Hot Plug PCI Controller Driver version: 0.5
Apr 29 00:52:37 asifmt systemd[1]: Starting System Logging Service...
Apr 29 00:52:37 asifmt kernel: [    0.191357] PCI: MMCONFIG for domain 0000 [bus 00-7f] at [mem 0xf0000000-0xf7ffffff] (base 0xf0000000)
Apr 29 00:52:37 asifmt kernel: [    0.191359] PCI: MMCONFIG at [mem 0xf0000000-0xf7ffffff] reserved in E820
Apr 29 00:52:37 asifmt kernel: [    0.191367] PCI: Using configuration type 1 for base access
Apr 29 00:52:37 asifmt kernel: [    0.191882] ENERGY_PERF_BIAS: Set to 'normal', was 'performance'
Apr 29 00:52:37 asifmt systemd[1]: Starting Secure Boot updates for DB and DBX...
Apr 29 00:52:37 asifmt kernel: [    0.192463] HugeTLB registered 1.00 GiB page size, pre-allocated 0 pages
Apr 29 00:52:37 asifmt kernel: [    0.192463] HugeTLB registered 2.00 MiB page size, pre-allocated 0 pages
Apr 29 00:52:37 asifmt kernel: [    0.192463] ACPI: Added _OSI(Module Device)
Apr 29 00:52:37 asifmt systemd[1]: Condition check resulted in Automatically repair incorrect owner/permissions on core devices being skipped.
Apr 29 00:52:37 asifmt kernel: [    0.192463] ACPI: Added _OSI(Processor Device)
Apr 29 00:52:37 asifmt kernel: [    0.192463] ACPI: Added _OSI(3.0 _SCP Extensions)
Apr 29 00:52:37 asifmt kernel: [    0.192463] ACPI: Added _OSI(Processor Aggregator Device)
Apr 29 00:52:37 asifmt kernel: [    0.192463] ACPI: Added _OSI(Linux-Dell-Video)
Apr 29 00:52:37 asifmt kernel: [    0.192463] ACPI: Added _OSI(Linux-Lenovo-NV-HDMI-Audio)
Apr 29 00:52:37 asifmt kernel: [    0.192463] ACPI: Added _OSI(Linux-HPI-Hybrid-Graphics)
Apr 29 00:52:37 asifmt systemd[1]: Condition check resulted in Wait for the Ubuntu Core chooser trigger being skipped.
Apr 29 00:52:37 asifmt kernel: [    0.244813] ACPI: 8 ACPI AML tables successfully acquired and loaded
Apr 29 00:52:37 asifmt kernel: [    0.250805] ACPI: [Firmware Bug]: BIOS _OSI(Linux) query ignored
Apr 29 00:52:37 asifmt kernel: [    0.256779] ACPI: Dynamic OEM Table Load:
Apr 29 00:52:37 asifmt kernel: [    0.256784] ACPI: SSDT 0xFFFF9B3D97648800 000708 (v02 PmRef  Cpu0Ist  00003000 INTL 20160527)
Apr 29 00:52:37 asifmt kernel: [    0.258361] ACPI: \_SB_.PR00: _OSC native thermal LVT Acked
Apr 29 00:52:37 asifmt systemd[1]: Starting Snap Daemon...
Apr 29 00:52:37 asifmt kernel: [    0.260076] ACPI: Dynamic OEM Table Load:
Apr 29 00:52:37 asifmt kernel: [    0.260079] ACPI: SSDT 0xFFFF9B3D97416400 000400 (v02 PmRef  Cpu0Cst  00003001 INTL 20160527)
Apr 29 00:52:37 asifmt systemd[1]: Starting Switcheroo Control Proxy service...
Apr 29 00:52:37 asifmt kernel: [    0.261534] ACPI: Dynamic OEM Table Load:
Apr 29 00:52:37 asifmt systemd[1]: Starting Resets System Activity Data Collector...
Apr 29 00:52:37 asifmt kernel: [    0.261537] ACPI: SSDT 0xFFFF9B3D975B9000 00011B (v02 PmRef  Cpu0Hwp  00003000 INTL 20160527)
Apr 29 00:52:37 asifmt kernel: [    0.262937] ACPI: Dynamic OEM Table Load:
Apr 29 00:52:37 asifmt kernel: [    0.262940] ACPI: SSDT 0xFFFF9B3D9764B800 000724 (v02 PmRef  HwpLvt   00003000 INTL 20160527)
Apr 29 00:52:37 asifmt kernel: [    0.264736] ACPI: Dynamic OEM Table Load:
Apr 29 00:52:37 asifmt systemd-resolved[762]: Positive Trust Anchors:
Apr 29 00:52:37 asifmt kernel: [    0.264742] ACPI: SSDT 0xFFFF9B3D97D07000 000EF1 (v02 PmRef  ApIst    00003000 INTL 20160527)
Apr 29 00:52:37 asifmt systemd-resolved[762]: . IN DS 20326 8 2 e06d44b80b8f1d39a95c0b0d7c65d08458e880409bbc683457104237c7f8ec8d
Apr 29 00:52:37 asifmt kernel: [    0.267025] ACPI: Dynamic OEM Table Load:
Apr 29 00:52:37 asifmt kernel: [    0.267028] ACPI: SSDT 0xFFFF9B3D97417000 000317 (v02 PmRef  ApHwp    00003000 INTL 20160527)
Apr 29 00:52:37 asifmt kernel: [    0.268515] ACPI: Dynamic OEM Table Load:
Apr 29 00:52:37 asifmt kernel: [    0.268518] ACPI: SSDT 0xFFFF9B3D97414400 00030A (v02 PmRef  ApCst    00003000 INTL 20160527)
Apr 29 00:52:37 asifmt kernel: [    0.275731] ACPI: Interpreter enabled
Apr 29 00:52:37 asifmt kernel: [    0.275769] ACPI: (supports S0 S3 S4 S5)
Apr 29 00:52:37 asifmt cron[809]: (CRON) INFO (Running @reboot jobs)
Apr 29 00:52:37 asifmt kernel: [    0.275770] ACPI: Using IOAPIC for interrupt routing
Apr 29 00:52:37 asifmt kernel: [    0.275806] PCI: Using host bridge windows from ACPI; if necessary, use "pci=nocrs" and report a bug
Apr 29 00:52:37 asifmt kernel: [    0.277139] ACPI: Enabled 9 GPEs in block 00 to 7F
Apr 29 00:52:37 asifmt kernel: [    0.291923] ACPI: Power Resource [USBC] (on)
Apr 29 00:52:37 asifmt kernel: [    0.295241] ACPI: Power Resource [V0PR] (on)
Apr 29 00:52:37 asifmt systemd-resolved[762]: Negative trust anchors: 10.in-addr.arpa 16.172.in-addr.arpa 17.172.in-addr.arpa 18.172.in-addr.arpa 19.172.in-addr.arpa 20.172.in-addr.arpa 21.172.in-addr.arpa 22.172.in-addr.arpa 23.172.in-addr.arpa 24.172.in-addr.arpa 25.172.in-addr.arpa 26.172.in-addr.arpa 27.172.in-addr.arpa 28.172.in-addr.arpa 29.172.in-addr.arpa 30.172.in-addr.arpa 31.172.in-addr.arpa 168.192.in-addr.arpa d.f.ip6.arpa corp home internal intranet lan local private test
Apr 29 00:52:37 asifmt kernel: [    0.295690] ACPI: Power Resource [V1PR] (on)
Apr 29 00:52:37 asifmt kernel: [    0.296126] ACPI: Power Resource [V2PR] (on)
Apr 29 00:52:37 asifmt kernel: [    0.302271] ACPI: Power Resource [WRST] (on)
Apr 29 00:52:37 asifmt kernel: [    0.307624] ACPI: Power Resource [FN00] (off)
Apr 29 00:52:37 asifmt kernel: [    0.307713] ACPI: Power Resource [FN01] (off)
Apr 29 00:52:37 asifmt kernel: [    0.307800] ACPI: Power Resource [FN02] (off)
Apr 29 00:52:37 asifmt kernel: [    0.307887] ACPI: Power Resource [FN03] (off)
Apr 29 00:52:37 asifmt systemd[1]: Starting Login Service...
Apr 29 00:52:37 asifmt kernel: [    0.307976] ACPI: Power Resource [FN04] (off)
Apr 29 00:52:37 asifmt kernel: [    0.308674] ACPI: Power Resource [PIN] (off)
Apr 29 00:52:37 asifmt kernel: [    0.309113] ACPI: PCI Root Bridge [PCI0] (domain 0000 [bus 00-7e])
Apr 29 00:52:37 asifmt systemd[1]: Starting Thermal Daemon Service...
Apr 29 00:52:37 asifmt kernel: [    0.309118] acpi PNP0A08:00: _OSC: OS supports [ExtendedConfig ASPM ClockPM Segments MSI HPX-Type3]
Apr 29 00:52:37 asifmt kernel: [    0.309317] acpi PNP0A08:00: _OSC: platform does not support [PCIeHotplug SHPCHotplug PME]
Apr 29 00:52:37 asifmt kernel: [    0.309505] acpi PNP0A08:00: _OSC: OS now controls [AER PCIeCapability LTR]
Apr 29 00:52:37 asifmt kernel: [    0.309506] acpi PNP0A08:00: FADT indicates ASPM is unsupported, using BIOS configuration
Apr 29 00:52:37 asifmt systemd[1]: Starting Disk Manager...
Apr 29 00:52:37 asifmt kernel: [    0.310442] PCI host bridge to bus 0000:00
Apr 29 00:52:37 asifmt kernel: [    0.310443] pci_bus 0000:00: root bus resource [io  0x0000-0x0cf7 window]
Apr 29 00:52:37 asifmt kernel: [    0.310444] pci_bus 0000:00: root bus resource [io  0x0d00-0xffff window]
Apr 29 00:52:37 asifmt kernel: [    0.310445] pci_bus 0000:00: root bus resource [mem 0x000a0000-0x000bffff window]
Apr 29 00:52:37 asifmt systemd[1]: Starting WPA supplicant...
Apr 29 00:52:37 asifmt kernel: [    0.310446] pci_bus 0000:00: root bus resource [mem 0x000c0000-0x000c3fff window]
Apr 29 00:52:37 asifmt kernel: [    0.310446] pci_bus 0000:00: root bus resource [mem 0x000c4000-0x000c7fff window]
Apr 29 00:52:37 asifmt systemd[1]: pppd-dns.service: Succeeded.
Apr 29 00:52:37 asifmt kernel: [    0.310447] pci_bus 0000:00: root bus resource [mem 0x000c8000-0x000cbfff window]
Apr 29 00:52:37 asifmt kernel: [    0.310448] pci_bus 0000:00: root bus resource [mem 0x000cc000-0x000cffff window]
Apr 29 00:52:37 asifmt kernel: [    0.310448] pci_bus 0000:00: root bus resource [mem 0x000d0000-0x000d3fff window]
Apr 29 00:52:37 asifmt kernel: [    0.310449] pci_bus 0000:00: root bus resource [mem 0x000d4000-0x000d7fff window]
Apr 29 00:52:37 asifmt kernel: [    0.310450] pci_bus 0000:00: root bus resource [mem 0x000d8000-0x000dbfff window]
Apr 29 00:52:37 asifmt systemd[1]: Finished Restore /etc/resolv.conf if the system crashed before the ppp link was shut down.
Apr 29 00:52:37 asifmt kernel: [    0.310450] pci_bus 0000:00: root bus resource [mem 0x000dc000-0x000dffff window]
Apr 29 00:52:37 asifmt kernel: [    0.310451] pci_bus 0000:00: root bus resource [mem 0x000e4000-0x000e7fff window]
Apr 29 00:52:37 asifmt avahi-daemon[808]: Found user 'avahi' (UID 115) and group 'avahi' (GID 121).
Apr 29 00:52:37 asifmt kernel: [    0.310452] pci_bus 0000:00: root bus resource [mem 0x000e8000-0x000ebfff window]
Apr 29 00:52:37 asifmt kernel: [    0.310452] pci_bus 0000:00: root bus resource [mem 0x000ec000-0x000effff window]
Apr 29 00:52:37 asifmt kernel: [    0.310453] pci_bus 0000:00: root bus resource [mem 0x7f800000-0xefffffff window]
Apr 29 00:52:37 asifmt kernel: [    0.310454] pci_bus 0000:00: root bus resource [mem 0xfc800000-0xfe7fffff window]
Apr 29 00:52:37 asifmt kernel: [    0.310455] pci_bus 0000:00: root bus resource [bus 00-7e]
Apr 29 00:52:37 asifmt kernel: [    0.310462] pci 0000:00:00.0: [8086:3ec2] type 00 class 0x060000
Apr 29 00:52:37 asifmt avahi-daemon[808]: Successfully dropped root privileges.
Apr 29 00:52:37 asifmt kernel: [    0.310854] pci 0000:00:02.0: [8086:3e92] type 00 class 0x030000
Apr 29 00:52:37 asifmt kernel: [    0.310863] pci 0000:00:02.0: reg 0x10: [mem 0x90000000-0x90ffffff 64bit]
Apr 29 00:52:37 asifmt kernel: [    0.310867] pci 0000:00:02.0: reg 0x18: [mem 0x80000000-0x8fffffff 64bit pref]
Apr 29 00:52:37 asifmt kernel: [    0.310870] pci 0000:00:02.0: reg 0x20: [io  0x3000-0x303f]
Apr 29 00:52:37 asifmt kernel: [    0.310883] pci 0000:00:02.0: BAR 2: assigned to efifb
Apr 29 00:52:37 asifmt kernel: [    0.311074] pci 0000:00:08.0: [8086:1911] type 00 class 0x088000
Apr 29 00:52:37 asifmt avahi-daemon[808]: avahi-daemon 0.7 starting up.
Apr 29 00:52:37 asifmt systemd[1]: Finished Resets System Activity Data Collector.
Apr 29 00:52:37 asifmt kernel: [    0.311083] pci 0000:00:08.0: reg 0x10: [mem 0x911c4000-0x911c4fff 64bit]
Apr 29 00:52:37 asifmt kernel: [    0.311306] pci 0000:00:12.0: [8086:a379] type 00 class 0x118000
Apr 29 00:52:37 asifmt kernel: [    0.311348] pci 0000:00:12.0: reg 0x10: [mem 0x911c3000-0x911c3fff 64bit]
Apr 29 00:52:37 asifmt kernel: [    0.311681] pci 0000:00:14.0: [8086:a36d] type 00 class 0x0c0330
Apr 29 00:52:37 asifmt kernel: [    0.311726] pci 0000:00:14.0: reg 0x10: [mem 0x911a0000-0x911affff 64bit]
Apr 29 00:52:37 asifmt kernel: [    0.311863] pci 0000:00:14.0: PME# supported from D3hot D3cold
Apr 29 00:52:37 asifmt systemd-resolved[762]: Using system hostname 'asifmt'.
Apr 29 00:52:37 asifmt kernel: [    0.312327] pci 0000:00:14.2: [8086:a36f] type 00 class 0x050000
Apr 29 00:52:37 asifmt kernel: [    0.312363] pci 0000:00:14.2: reg 0x10: [mem 0x911bc000-0x911bdfff 64bit]
Apr 29 00:52:37 asifmt kernel: [    0.312382] pci 0000:00:14.2: reg 0x18: [mem 0x911c2000-0x911c2fff 64bit]
Apr 29 00:52:37 asifmt kernel: [    0.312867] pci 0000:00:15.0: [8086:a368] type 00 class 0x0c8000
Apr 29 00:52:37 asifmt systemd[1]: Started Network Name Resolution.
Apr 29 00:52:37 asifmt kernel: [    0.313595] pci 0000:00:15.0: reg 0x10: [mem 0x00000000-0x00000fff 64bit]
Apr 29 00:52:37 asifmt kernel: [    0.316137] pci 0000:00:16.0: [8086:a360] type 00 class 0x078000
Apr 29 00:52:37 asifmt kernel: [    0.316178] pci 0000:00:16.0: reg 0x10: [mem 0x911c0000-0x911c0fff 64bit]
Apr 29 00:52:37 asifmt systemd[1]: e2scrub_reap.service: Succeeded.
Apr 29 00:52:37 asifmt kernel: [    0.316296] pci 0000:00:16.0: PME# supported from D3hot
Apr 29 00:52:37 asifmt kernel: [    0.316583] pci 0000:00:17.0: [8086:2822] type 00 class 0x010400
Apr 29 00:52:37 asifmt kernel: [    0.316619] pci 0000:00:17.0: reg 0x10: [mem 0x911b0000-0x911b7fff]
Apr 29 00:52:37 asifmt kernel: [    0.316633] pci 0000:00:17.0: reg 0x14: [mem 0x911bf000-0x911bf0ff]
Apr 29 00:52:37 asifmt kernel: [    0.316647] pci 0000:00:17.0: reg 0x18: [io  0x3090-0x3097]
Apr 29 00:52:37 asifmt kernel: [    0.316662] pci 0000:00:17.0: reg 0x1c: [io  0x3080-0x3083]
Apr 29 00:52:37 asifmt kernel: [    0.316676] pci 0000:00:17.0: reg 0x20: [io  0x3060-0x307f]
Apr 29 00:52:37 asifmt kernel: [    0.316691] pci 0000:00:17.0: reg 0x24: [mem 0x91100000-0x9117ffff]
Apr 29 00:52:37 asifmt kernel: [    0.316773] pci 0000:00:17.0: PME# supported from D3hot
Apr 29 00:52:37 asifmt systemd[1]: Finished Remove Stale Online ext4 Metadata Check Snapshots.
Apr 29 00:52:37 asifmt kernel: [    0.317040] pci 0000:00:1c.0: [8086:a33b] type 01 class 0x060400
Apr 29 00:52:37 asifmt kernel: [    0.317250] pci 0000:00:1c.0: PME# supported from D0 D3hot D3cold
Apr 29 00:52:37 asifmt kernel: [    0.317301] pci 0000:00:1c.0: PTM enabled (root), 4ns granularity
Apr 29 00:52:37 asifmt kernel: [    0.317627] pci 0000:00:1f.0: [8086:a306] type 00 class 0x060100
Apr 29 00:52:37 asifmt kernel: [    0.318049] pci 0000:00:1f.3: [8086:a348] type 00 class 0x040300
Apr 29 00:52:37 asifmt kernel: [    0.318128] pci 0000:00:1f.3: reg 0x10: [mem 0x911b8000-0x911bbfff 64bit]
Apr 29 00:52:37 asifmt kernel: [    0.318202] pci 0000:00:1f.3: reg 0x20: [mem 0x91000000-0x910fffff 64bit]
Apr 29 00:52:37 asifmt systemd[1]: Reached target Host and Network Name Lookups.
Apr 29 00:52:37 asifmt systemd[1]: Starting resolvconf-pull-resolved.service...
Apr 29 00:52:37 asifmt apport[807]:  * Starting automatic crash report generation: apport
Apr 29 00:52:37 asifmt grub-common[817]:  * Recording successful boot for GRUB
Apr 29 00:52:37 asifmt udisksd[836]: udisks daemon version 2.8.4 starting
Apr 29 00:52:37 asifmt rsyslogd: imuxsock: Acquired UNIX socket '/run/systemd/journal/syslog' (fd 3) from systemd.  [v8.2001.0]
Apr 29 00:52:37 asifmt rsyslogd: rsyslogd's groupid changed to 110
Apr 29 00:52:37 asifmt systemd[1]: Started System Logging Service.
Apr 29 00:52:37 asifmt rsyslogd: rsyslogd's userid changed to 104
Apr 29 00:52:37 asifmt rsyslogd: [origin software="rsyslogd" swVersion="8.2001.0" x-pid="825" x-info="https://www.rsyslog.com"] start
Apr 29 00:52:37 asifmt kernel: [    0.318353] pci 0000:00:1f.3: PME# supported from D3hot D3cold
Apr 29 00:52:37 asifmt kernel: [    0.319165] pci 0000:00:1f.4: [8086:a323] type 00 class 0x0c0500
Apr 29 00:52:37 asifmt kernel: [    0.319337] pci 0000:00:1f.4: reg 0x10: [mem 0x911be000-0x911be0ff 64bit]
Apr 29 00:52:37 asifmt kernel: [    0.319539] pci 0000:00:1f.4: reg 0x20: [io  0xefa0-0xefbf]
Apr 29 00:52:37 asifmt kernel: [    0.319931] pci 0000:00:1f.5: [8086:a324] type 00 class 0x0c8000
Apr 29 00:52:37 asifmt kernel: [    0.319958] pci 0000:00:1f.5: reg 0x10: [mem 0xfe010000-0xfe010fff]
Apr 29 00:52:37 asifmt kernel: [    0.320176] pci 0000:00:1f.6: [8086:15bb] type 00 class 0x020000
Apr 29 00:52:37 asifmt kernel: [    0.320237] pci 0000:00:1f.6: reg 0x10: [mem 0x91180000-0x9119ffff]
Apr 29 00:52:37 asifmt kernel: [    0.320482] pci 0000:00:1f.6: PME# supported from D0 D3hot D3cold
Apr 29 00:52:37 asifmt kernel: [    0.320777] pci 0000:01:00.0: [104c:8240] type 01 class 0x060400
Apr 29 00:52:37 asifmt kernel: [    0.320978] pci 0000:01:00.0: supports D1 D2
Apr 29 00:52:37 asifmt kernel: [    0.321135] pci 0000:00:1c.0: PCI bridge to [bus 01-02]
Apr 29 00:52:37 asifmt kernel: [    0.321217] pci_bus 0000:02: extended config space not accessible
Apr 29 00:52:37 asifmt kernel: [    0.321336] pci 0000:01:00.0: PCI bridge to [bus 02]
Apr 29 00:52:37 asifmt kernel: [    0.323076] ACPI: PCI Interrupt Link [LNKA] (IRQs) *0
Apr 29 00:52:37 asifmt kernel: [    0.323112] ACPI: PCI Interrupt Link [LNKB] (IRQs) *1
Apr 29 00:52:37 asifmt kernel: [    0.323148] ACPI: PCI Interrupt Link [LNKC] (IRQs) *0
Apr 29 00:52:37 asifmt kernel: [    0.323184] ACPI: PCI Interrupt Link [LNKD] (IRQs) *0
Apr 29 00:52:37 asifmt kernel: [    0.323222] ACPI: PCI Interrupt Link [LNKE] (IRQs) *1
Apr 29 00:52:37 asifmt kernel: [    0.323258] ACPI: PCI Interrupt Link [LNKF] (IRQs) *0
Apr 29 00:52:37 asifmt kernel: [    0.323293] ACPI: PCI Interrupt Link [LNKG] (IRQs) *1
Apr 29 00:52:37 asifmt kernel: [    0.323328] ACPI: PCI Interrupt Link [LNKH] (IRQs) *1
Apr 29 00:52:37 asifmt kernel: [    0.324389] iommu: Default domain type: Translated
Apr 29 00:52:37 asifmt kernel: [    0.324389] SCSI subsystem initialized
Apr 29 00:52:37 asifmt kernel: [    0.324389] libata version 3.00 loaded.
Apr 29 00:52:37 asifmt kernel: [    0.324389] pci 0000:00:02.0: vgaarb: setting as boot VGA device
Apr 29 00:52:37 asifmt kernel: [    0.324389] pci 0000:00:02.0: vgaarb: VGA device added: decodes=io+mem,owns=io+mem,locks=none
Apr 29 00:52:37 asifmt kernel: [    0.324389] pci 0000:00:02.0: vgaarb: bridge control possible
Apr 29 00:52:37 asifmt kernel: [    0.324389] vgaarb: loaded
Apr 29 00:52:37 asifmt kernel: [    0.324389] ACPI: bus type USB registered
Apr 29 00:52:37 asifmt kernel: [    0.324389] usbcore: registered new interface driver usbfs
Apr 29 00:52:37 asifmt kernel: [    0.324389] usbcore: registered new interface driver hub
Apr 29 00:52:37 asifmt kernel: [    0.324389] usbcore: registered new device driver usb
Apr 29 00:52:37 asifmt kernel: [    0.324389] pps_core: LinuxPPS API ver. 1 registered
Apr 29 00:52:37 asifmt kernel: [    0.324389] pps_core: Software ver. 5.3.6 - Copyright 2005-2007 Rodolfo Giometti <giometti@linux.it>
Apr 29 00:52:37 asifmt kernel: [    0.324389] PTP clock support registered
Apr 29 00:52:37 asifmt kernel: [    0.324389] EDAC MC: Ver: 3.0.0
Apr 29 00:52:37 asifmt kernel: [    0.324389] Registered efivars operations
Apr 29 00:52:37 asifmt kernel: [    0.324389] NetLabel: Initializing
Apr 29 00:52:37 asifmt kernel: [    0.324389] NetLabel:  domain hash size = 128
Apr 29 00:52:37 asifmt kernel: [    0.324389] NetLabel:  protocols = UNLABELED CIPSOv4 CALIPSO
Apr 29 00:52:37 asifmt kernel: [    0.324389] NetLabel:  unlabeled traffic allowed by default
Apr 29 00:52:37 asifmt kernel: [    0.324389] PCI: Using ACPI for IRQ routing
Apr 29 00:52:37 asifmt kernel: [    0.367482] PCI: pci_cache_line_size set to 64 bytes
Apr 29 00:52:37 asifmt kernel: [    0.367646] e820: reserve RAM buffer [mem 0x0009f000-0x0009ffff]
Apr 29 00:52:37 asifmt kernel: [    0.367647] e820: reserve RAM buffer [mem 0x60b5f018-0x63ffffff]
Apr 29 00:52:37 asifmt kernel: [    0.367647] e820: reserve RAM buffer [mem 0x60b69018-0x63ffffff]
Apr 29 00:52:37 asifmt kernel: [    0.367648] e820: reserve RAM buffer [mem 0x6307e000-0x63ffffff]
Apr 29 00:52:37 asifmt kernel: [    0.367648] e820: reserve RAM buffer [mem 0x727eb000-0x73ffffff]
Apr 29 00:52:37 asifmt kernel: [    0.367649] e820: reserve RAM buffer [mem 0x76cae000-0x77ffffff]
Apr 29 00:52:37 asifmt kernel: [    0.367649] e820: reserve RAM buffer [mem 0x7ad00000-0x7bffffff]
Apr 29 00:52:37 asifmt kernel: [    0.367650] e820: reserve RAM buffer [mem 0x87c800000-0x87fffffff]
Apr 29 00:52:37 asifmt kernel: [    0.368026] hpet0: at MMIO 0xfed00000, IRQs 2, 8, 0, 0, 0, 0, 0, 0
Apr 29 00:52:37 asifmt kernel: [    0.368028] hpet0: 8 comparators, 64-bit 24.000000 MHz counter
Apr 29 00:52:37 asifmt kernel: [    0.371364] clocksource: Switched to clocksource tsc-early
Apr 29 00:52:37 asifmt kernel: [    0.381872] VFS: Disk quotas dquot_6.6.0
Apr 29 00:52:37 asifmt kernel: [    0.381883] VFS: Dquot-cache hash table entries: 512 (order 0, 4096 bytes)
Apr 29 00:52:37 asifmt kernel: [    0.381958] AppArmor: AppArmor Filesystem Enabled
Apr 29 00:52:37 asifmt kernel: [    0.381975] pnp: PnP ACPI init
Apr 29 00:52:37 asifmt kernel: [    0.382255] system 00:00: [io  0x0a00-0x0a3f] has been reserved
Apr 29 00:52:37 asifmt kernel: [    0.382256] system 00:00: [io  0x0a40-0x0a7f] has been reserved
Apr 29 00:52:37 asifmt kernel: [    0.382260] system 00:00: Plug and Play ACPI device, IDs PNP0c02 (active)
Apr 29 00:52:37 asifmt kernel: [    0.383277] pnp 00:01: [dma 0 disabled]
Apr 29 00:52:37 asifmt kernel: [    0.383307] pnp 00:01: Plug and Play ACPI device, IDs PNP0501 (active)
Apr 29 00:52:37 asifmt kernel: [    0.383465] system 00:02: [io  0x0680-0x069f] has been reserved
Apr 29 00:52:37 asifmt kernel: [    0.383466] system 00:02: [io  0x164e-0x164f] has been reserved
Apr 29 00:52:37 asifmt kernel: [    0.383469] system 00:02: Plug and Play ACPI device, IDs PNP0c02 (active)
Apr 29 00:52:37 asifmt kernel: [    0.383484] pnp 00:03: Plug and Play ACPI device, IDs PNP0b00 (active)
Apr 29 00:52:37 asifmt kernel: [    0.383571] system 00:04: [io  0x1854-0x1857] has been reserved
Apr 29 00:52:37 asifmt kernel: [    0.383573] system 00:04: Plug and Play ACPI device, IDs INT3f0d PNP0c02 (active)
Apr 29 00:52:37 asifmt kernel: [    0.383699] system 00:05: [mem 0xfed10000-0xfed17fff] has been reserved
Apr 29 00:52:37 asifmt kernel: [    0.383700] system 00:05: [mem 0xfed18000-0xfed18fff] has been reserved
Apr 29 00:52:37 asifmt kernel: [    0.383701] system 00:05: [mem 0xfed19000-0xfed19fff] has been reserved
Apr 29 00:52:37 asifmt kernel: [    0.383701] system 00:05: [mem 0xf0000000-0xf7ffffff] has been reserved
Apr 29 00:52:37 asifmt kernel: [    0.383702] system 00:05: [mem 0xfed20000-0xfed3ffff] has been reserved
Apr 29 00:52:37 asifmt kernel: [    0.383703] system 00:05: [mem 0xfed90000-0xfed93fff] could not be reserved
Apr 29 00:52:37 asifmt kernel: [    0.383704] system 00:05: [mem 0xfed45000-0xfed8ffff] has been reserved
Apr 29 00:52:37 asifmt kernel: [    0.383705] system 00:05: [mem 0xfee00000-0xfeefffff] could not be reserved
Apr 29 00:52:37 asifmt kernel: [    0.383707] system 00:05: Plug and Play ACPI device, IDs PNP0c02 (active)
Apr 29 00:52:37 asifmt kernel: [    0.383919] system 00:06: [io  0x1800-0x18fe] could not be reserved
Apr 29 00:52:37 asifmt kernel: [    0.383920] system 00:06: [mem 0xfd000000-0xfd69ffff] has been reserved
Apr 29 00:52:37 asifmt kernel: [    0.383921] system 00:06: [mem 0xfd6c0000-0xfd6cffff] has been reserved
Apr 29 00:52:37 asifmt kernel: [    0.383921] system 00:06: [mem 0xfd6f0000-0xfdffffff] has been reserved
Apr 29 00:52:37 asifmt kernel: [    0.383923] system 00:06: [mem 0xfe000000-0xfe01ffff] could not be reserved
Apr 29 00:52:37 asifmt kernel: [    0.383924] system 00:06: [mem 0xfe200000-0xfe7fffff] has been reserved
Apr 29 00:52:37 asifmt kernel: [    0.383925] system 00:06: [mem 0xff000000-0xffffffff] has been reserved
Apr 29 00:52:37 asifmt kernel: [    0.383927] system 00:06: Plug and Play ACPI device, IDs PNP0c02 (active)
Apr 29 00:52:37 asifmt kernel: [    0.384215] system 00:07: [io  0x2000-0x20fe] has been reserved
Apr 29 00:52:37 asifmt kernel: [    0.384217] system 00:07: Plug and Play ACPI device, IDs PNP0c02 (active)
Apr 29 00:52:37 asifmt kernel: [    0.385286] system 00:08: Plug and Play ACPI device, IDs PNP0c02 (active)
Apr 29 00:52:37 asifmt kernel: [    0.386409] pnp: PnP ACPI: found 9 devices
Apr 29 00:52:37 asifmt kernel: [    0.391813] clocksource: acpi_pm: mask: 0xffffff max_cycles: 0xffffff, max_idle_ns: 2085701024 ns
Apr 29 00:52:37 asifmt kernel: [    0.391856] NET: Registered protocol family 2
Apr 29 00:52:37 asifmt kernel: [    0.391997] tcp_listen_portaddr_hash hash table entries: 16384 (order: 6, 262144 bytes, linear)
Apr 29 00:52:37 asifmt kernel: [    0.392130] TCP established hash table entries: 262144 (order: 9, 2097152 bytes, linear)
Apr 29 00:52:37 asifmt kernel: [    0.392349] TCP bind hash table entries: 65536 (order: 8, 1048576 bytes, linear)
Apr 29 00:52:37 asifmt kernel: [    0.392404] TCP: Hash tables configured (established 262144 bind 65536)
Apr 29 00:52:37 asifmt kernel: [    0.392480] UDP hash table entries: 16384 (order: 7, 524288 bytes, linear)
Apr 29 00:52:37 asifmt kernel: [    0.392548] UDP-Lite hash table entries: 16384 (order: 7, 524288 bytes, linear)
Apr 29 00:52:37 asifmt kernel: [    0.392616] NET: Registered protocol family 1
Apr 29 00:52:37 asifmt kernel: [    0.392620] NET: Registered protocol family 44
Apr 29 00:52:37 asifmt kernel: [    0.392634] pci 0000:00:15.0: BAR 0: assigned [mem 0x7f800000-0x7f800fff 64bit]
Apr 29 00:52:37 asifmt kernel: [    0.392902] pci 0000:01:00.0: PCI bridge to [bus 02]
Apr 29 00:52:37 asifmt kernel: [    0.392923] pci 0000:00:1c.0: PCI bridge to [bus 01-02]
Apr 29 00:52:37 asifmt kernel: [    0.392942] pci_bus 0000:00: resource 4 [io  0x0000-0x0cf7 window]
Apr 29 00:52:37 asifmt kernel: [    0.392943] pci_bus 0000:00: resource 5 [io  0x0d00-0xffff window]
Apr 29 00:52:37 asifmt kernel: [    0.392944] pci_bus 0000:00: resource 6 [mem 0x000a0000-0x000bffff window]
Apr 29 00:52:37 asifmt kernel: [    0.392945] pci_bus 0000:00: resource 7 [mem 0x000c0000-0x000c3fff window]
Apr 29 00:52:37 asifmt kernel: [    0.392945] pci_bus 0000:00: resource 8 [mem 0x000c4000-0x000c7fff window]
Apr 29 00:52:37 asifmt kernel: [    0.392946] pci_bus 0000:00: resource 9 [mem 0x000c8000-0x000cbfff window]
Apr 29 00:52:37 asifmt kernel: [    0.392947] pci_bus 0000:00: resource 10 [mem 0x000cc000-0x000cffff window]
Apr 29 00:52:37 asifmt kernel: [    0.392947] pci_bus 0000:00: resource 11 [mem 0x000d0000-0x000d3fff window]
Apr 29 00:52:37 asifmt kernel: [    0.392948] pci_bus 0000:00: resource 12 [mem 0x000d4000-0x000d7fff window]
Apr 29 00:52:37 asifmt kernel: [    0.392949] pci_bus 0000:00: resource 13 [mem 0x000d8000-0x000dbfff window]
Apr 29 00:52:37 asifmt kernel: [    0.392949] pci_bus 0000:00: resource 14 [mem 0x000dc000-0x000dffff window]
Apr 29 00:52:37 asifmt kernel: [    0.392950] pci_bus 0000:00: resource 15 [mem 0x000e4000-0x000e7fff window]
Apr 29 00:52:37 asifmt kernel: [    0.392951] pci_bus 0000:00: resource 16 [mem 0x000e8000-0x000ebfff window]
Apr 29 00:52:37 asifmt kernel: [    0.392952] pci_bus 0000:00: resource 17 [mem 0x000ec000-0x000effff window]
Apr 29 00:52:37 asifmt kernel: [    0.392952] pci_bus 0000:00: resource 18 [mem 0x7f800000-0xefffffff window]
Apr 29 00:52:37 asifmt kernel: [    0.392953] pci_bus 0000:00: resource 19 [mem 0xfc800000-0xfe7fffff window]
Apr 29 00:52:37 asifmt kernel: [    0.393102] pci 0000:00:02.0: Video device with shadowed ROM at [mem 0x000c0000-0x000dffff]
Apr 29 00:52:37 asifmt kernel: [    0.393428] PCI: CLS 64 bytes, default 64
Apr 29 00:52:37 asifmt kernel: [    0.393465] Trying to unpack rootfs image as initramfs...
Apr 29 00:52:37 asifmt kernel: [    0.489812] Freeing initrd memory: 51672K
Apr 29 00:52:37 asifmt kernel: [    0.511464] PCI-DMA: Using software bounce buffering for IO (SWIOTLB)
Apr 29 00:52:37 asifmt kernel: [    0.511465] software IO TLB: mapped [mem 0x6e7eb000-0x727eb000] (64MB)
Apr 29 00:52:37 asifmt kernel: [    0.511765] check: Scanning for low memory corruption every 60 seconds
Apr 29 00:52:37 asifmt kernel: [    0.512135] Initialise system trusted keyrings
Apr 29 00:52:37 asifmt kernel: [    0.512146] Key type blacklist registered
Apr 29 00:52:37 asifmt kernel: [    0.512165] workingset: timestamp_bits=36 max_order=23 bucket_order=0
Apr 29 00:52:37 asifmt kernel: [    0.513064] zbud: loaded
Apr 29 00:52:37 asifmt kernel: [    0.513252] squashfs: version 4.0 (2009/01/31) Phillip Lougher
Apr 29 00:52:37 asifmt kernel: [    0.513353] fuse: init (API version 7.31)
Apr 29 00:52:37 asifmt kernel: [    0.513457] integrity: Platform Keyring initialized
Apr 29 00:52:37 asifmt kernel: [    0.520326] Key type asymmetric registered
Apr 29 00:52:37 asifmt kernel: [    0.520326] Asymmetric key parser 'x509' registered
Apr 29 00:52:37 asifmt kernel: [    0.520331] Block layer SCSI generic (bsg) driver version 0.4 loaded (major 244)
Apr 29 00:52:37 asifmt kernel: [    0.520352] io scheduler mq-deadline registered
Apr 29 00:52:37 asifmt kernel: [    0.520744] pcieport 0000:00:1c.0: AER: enabled with IRQ 122
Apr 29 00:52:37 asifmt kernel: [    0.520774] pcieport 0000:00:1c.0: DPC: enabled with IRQ 122
Apr 29 00:52:37 asifmt kernel: [    0.520775] pcieport 0000:00:1c.0: DPC: error containment capabilities: Int Msg #0, RPExt+ PoisonedTLP+ SwTrigger+ RP PIO Log 4, DL_ActiveErr+
Apr 29 00:52:37 asifmt kernel: [    0.520931] shpchp: Standard Hot Plug PCI Controller Driver version: 0.4
Apr 29 00:52:37 asifmt kernel: [    0.520972] efifb: probing for efifb
Apr 29 00:52:37 asifmt kernel: [    0.520983] efifb: showing boot graphics
Apr 29 00:52:37 asifmt kernel: [    0.521804] efifb: framebuffer at 0x80000000, using 8100k, total 8100k
Apr 29 00:52:37 asifmt kernel: [    0.521804] efifb: mode is 1920x1080x32, linelength=7680, pages=1
Apr 29 00:52:37 asifmt kernel: [    0.521805] efifb: scrolling: redraw
Apr 29 00:52:37 asifmt kernel: [    0.521806] efifb: Truecolor: size=8:8:8:8, shift=24:16:8:0
Apr 29 00:52:37 asifmt kernel: [    0.521831] fbcon: Deferring console take-over
Apr 29 00:52:37 asifmt kernel: [    0.521831] fb0: EFI VGA frame buffer device
Apr 29 00:52:37 asifmt kernel: [    0.521836] intel_idle: MWAIT substates: 0x11142120
Apr 29 00:52:37 asifmt kernel: [    0.521837] intel_idle: v0.5.1 model 0x9E
Apr 29 00:52:37 asifmt kernel: [    0.522325] intel_idle: Local APIC timer is reliable in all C-states
Apr 29 00:52:37 asifmt kernel: [    0.522469] input: Sleep Button as /devices/LNXSYSTM:00/LNXSYBUS:00/PNP0C0E:00/input/input0
Apr 29 00:52:37 asifmt kernel: [    0.522485] ACPI: Sleep Button [SLPB]
Apr 29 00:52:37 asifmt kernel: [    0.522506] input: Power Button as /devices/LNXSYSTM:00/LNXSYBUS:00/PNP0C0C:00/input/input1
Apr 29 00:52:37 asifmt kernel: [    0.522516] ACPI: Power Button [PWRB]
Apr 29 00:52:37 asifmt kernel: [    0.522538] input: Power Button as /devices/LNXSYSTM:00/LNXPWRBN:00/input/input2
Apr 29 00:52:37 asifmt kernel: [    0.522557] ACPI: Power Button [PWRF]
Apr 29 00:52:37 asifmt kernel: [    0.524840] thermal LNXTHERM:00: registered as thermal_zone0
Apr 29 00:52:37 asifmt kernel: [    0.524840] ACPI: Thermal Zone [TZ00] (28 C)
Apr 29 00:52:37 asifmt kernel: [    0.525013] Serial: 8250/16550 driver, 32 ports, IRQ sharing enabled
Apr 29 00:52:37 asifmt kernel: [    0.546990] 00:01: ttyS0 at I/O 0x3f8 (irq = 4, base_baud = 115200) is a 16550A
Apr 29 00:52:37 asifmt kernel: [    0.550030] Linux agpgart interface v0.103
Apr 29 00:52:37 asifmt kernel: [    0.579754] tpm_tis MSFT0101:00: 2.0 TPM (device-id 0xFC, rev-id 1)
Apr 29 00:52:37 asifmt kernel: [    0.630504] loop: module loaded
Apr 29 00:52:37 asifmt kernel: [    0.630738] libphy: Fixed MDIO Bus: probed
Apr 29 00:52:37 asifmt kernel: [    0.630739] tun: Universal TUN/TAP device driver, 1.6
Apr 29 00:52:37 asifmt kernel: [    0.630793] PPP generic driver version 2.4.2
Apr 29 00:52:37 asifmt kernel: [    0.630900] VFIO - User Level meta-driver version: 0.3
Apr 29 00:52:37 asifmt kernel: [    0.631011] ehci_hcd: USB 2.0 'Enhanced' Host Controller (EHCI) Driver
Apr 29 00:52:37 asifmt kernel: [    0.631012] ehci-pci: EHCI PCI platform driver
Apr 29 00:52:37 asifmt kernel: [    0.631020] ehci-platform: EHCI generic platform driver
Apr 29 00:52:37 asifmt kernel: [    0.631028] ohci_hcd: USB 1.1 'Open' Host Controller (OHCI) Driver
Apr 29 00:52:37 asifmt kernel: [    0.631029] ohci-pci: OHCI PCI platform driver
Apr 29 00:52:37 asifmt kernel: [    0.631034] ohci-platform: OHCI generic platform driver
Apr 29 00:52:37 asifmt kernel: [    0.631039] uhci_hcd: USB Universal Host Controller Interface driver
Apr 29 00:52:37 asifmt kernel: [    0.631062] i8042: PNP: No PS/2 controller found.
Apr 29 00:52:37 asifmt kernel: [    0.631146] mousedev: PS/2 mouse device common for all mice
Apr 29 00:52:37 asifmt kernel: [    0.631232] rtc_cmos 00:03: RTC can wake from S4
Apr 29 00:52:37 asifmt kernel: [    0.632292] rtc_cmos 00:03: registered as rtc0
Apr 29 00:52:37 asifmt kernel: [    0.632574] rtc_cmos 00:03: setting system clock to 2021-04-28T18:52:29 UTC (1619635949)
Apr 29 00:52:37 asifmt kernel: [    0.632583] rtc_cmos 00:03: alarms up to one month, y3k, 242 bytes nvram, hpet irqs
Apr 29 00:52:37 asifmt kernel: [    0.632587] i2c /dev entries driver
Apr 29 00:52:37 asifmt kernel: [    0.632620] device-mapper: uevent: version 1.0.3
Apr 29 00:52:37 asifmt kernel: [    0.632677] device-mapper: ioctl: 4.42.0-ioctl (2020-02-27) initialised: dm-devel@redhat.com
Apr 29 00:52:37 asifmt kernel: [    0.632691] platform eisa.0: Probing EISA bus 0
Apr 29 00:52:37 asifmt kernel: [    0.632692] platform eisa.0: EISA: Cannot allocate resource for mainboard
Apr 29 00:52:37 asifmt kernel: [    0.632693] platform eisa.0: Cannot allocate resource for EISA slot 1
Apr 29 00:52:37 asifmt kernel: [    0.632694] platform eisa.0: Cannot allocate resource for EISA slot 2
Apr 29 00:52:37 asifmt kernel: [    0.632694] platform eisa.0: Cannot allocate resource for EISA slot 3
Apr 29 00:52:37 asifmt kernel: [    0.632695] platform eisa.0: Cannot allocate resource for EISA slot 4
Apr 29 00:52:37 asifmt kernel: [    0.632695] platform eisa.0: Cannot allocate resource for EISA slot 5
Apr 29 00:52:37 asifmt kernel: [    0.632696] platform eisa.0: Cannot allocate resource for EISA slot 6
Apr 29 00:52:37 asifmt kernel: [    0.632697] platform eisa.0: Cannot allocate resource for EISA slot 7
Apr 29 00:52:37 asifmt kernel: [    0.632697] platform eisa.0: Cannot allocate resource for EISA slot 8
Apr 29 00:52:37 asifmt kernel: [    0.632698] platform eisa.0: EISA: Detected 0 cards
Apr 29 00:52:37 asifmt kernel: [    0.632700] intel_pstate: Intel P-state driver initializing
Apr 29 00:52:37 asifmt kernel: [    0.632741] intel_pstate: Disabling energy efficiency optimization
Apr 29 00:52:37 asifmt kernel: [    0.633866] intel_pstate: HWP enabled
Apr 29 00:52:37 asifmt kernel: [    0.634018] ledtrig-cpu: registered to indicate activity on CPUs
Apr 29 00:52:37 asifmt kernel: [    0.634020] EFI Variables Facility v0.08 2004-May-17
Apr 29 00:52:37 asifmt kernel: [    0.681562] intel_pmc_core INT33A1:00:  initialized
Apr 29 00:52:37 asifmt kernel: [    0.681609] drop_monitor: Initializing network drop monitor service
Apr 29 00:52:37 asifmt kernel: [    0.681703] NET: Registered protocol family 10
Apr 29 00:52:37 asifmt kernel: [    0.685165] Segment Routing with IPv6
Apr 29 00:52:37 asifmt kernel: [    0.685178] NET: Registered protocol family 17
Apr 29 00:52:37 asifmt kernel: [    0.685241] Key type dns_resolver registered
